Archive member included to satisfy reference by file (symbol)

c:/program files (x86)/atmel/studio/7.0/toolchain/avr8/avr8-gnu-toolchain/bin/../lib/gcc/avr/5.4.0/avr5\libgcc.a(_exit.o)
                              C:/Program Files (x86)/Atmel/Studio/7.0/Packs/atmel/ATmega_DFP/1.0.106/gcc/dev/atmega328p/avr5/crtatmega328p.o (exit)
c:/program files (x86)/atmel/studio/7.0/toolchain/avr8/avr8-gnu-toolchain/bin/../lib/gcc/avr/5.4.0/avr5\libgcc.a(_copy_data.o)
                              FreeRTOS_Source/source/tasks.o (__do_copy_data)
c:/program files (x86)/atmel/studio/7.0/toolchain/avr8/avr8-gnu-toolchain/bin/../lib/gcc/avr/5.4.0/avr5\libgcc.a(_clear_bss.o)
                              FreeRTOS_Source/source/croutine.o (__do_clear_bss)
c:/program files (x86)/atmel/studio/7.0/toolchain/avr8/avr8-gnu-toolchain/bin/../lib/gcc/avr/5.4.0/../../../../avr/lib/avr5\libc.a(memcpy.o)
                              FreeRTOS_Source/source/queue.o (memcpy)

Allocating common symbols
Common symbol       size              file

xQueueRegistry      0x4               FreeRTOS_Source/source/queue.o
xIntegerQueue       0x2               main.o

Discarded input sections

 .data          0x00000000        0x0 C:/Program Files (x86)/Atmel/Studio/7.0/Packs/atmel/ATmega_DFP/1.0.106/gcc/dev/atmega328p/avr5/crtatmega328p.o
 .bss           0x00000000        0x0 C:/Program Files (x86)/Atmel/Studio/7.0/Packs/atmel/ATmega_DFP/1.0.106/gcc/dev/atmega328p/avr5/crtatmega328p.o
 .text          0x00000000        0x0 FreeRTOS_Source/source/croutine.o
 .data          0x00000000        0x0 FreeRTOS_Source/source/croutine.o
 .bss           0x00000000        0x0 FreeRTOS_Source/source/croutine.o
 .text.xCoRoutineCreate
                0x00000000       0xf0 FreeRTOS_Source/source/croutine.o
 .text.vCoRoutineAddToDelayedList
                0x00000000       0x86 FreeRTOS_Source/source/croutine.o
 .text.vCoRoutineSchedule
                0x00000000      0x274 FreeRTOS_Source/source/croutine.o
 .text.xCoRoutineRemoveFromEventList
                0x00000000       0x4a FreeRTOS_Source/source/croutine.o
 .bss.xPassedTicks
                0x00000000        0x2 FreeRTOS_Source/source/croutine.o
 .bss.xLastTickCount
                0x00000000        0x2 FreeRTOS_Source/source/croutine.o
 .bss.xCoRoutineTickCount
                0x00000000        0x2 FreeRTOS_Source/source/croutine.o
 .bss.uxTopCoRoutineReadyPriority
                0x00000000        0x1 FreeRTOS_Source/source/croutine.o
 .bss.pxCurrentCoRoutine
                0x00000000        0x2 FreeRTOS_Source/source/croutine.o
 .bss.xPendingReadyCoRoutineList
                0x00000000        0x9 FreeRTOS_Source/source/croutine.o
 .bss.pxOverflowDelayedCoRoutineList
                0x00000000        0x2 FreeRTOS_Source/source/croutine.o
 .bss.pxDelayedCoRoutineList
                0x00000000        0x2 FreeRTOS_Source/source/croutine.o
 .bss.xDelayedCoRoutineList2
                0x00000000        0x9 FreeRTOS_Source/source/croutine.o
 .bss.xDelayedCoRoutineList1
                0x00000000        0x9 FreeRTOS_Source/source/croutine.o
 .bss.pxReadyCoRoutineLists
                0x00000000       0x12 FreeRTOS_Source/source/croutine.o
 .debug_info    0x00000000      0x77d FreeRTOS_Source/source/croutine.o
 .debug_abbrev  0x00000000      0x22b FreeRTOS_Source/source/croutine.o
 .debug_loc     0x00000000      0x3eb FreeRTOS_Source/source/croutine.o
 .debug_aranges
                0x00000000       0x38 FreeRTOS_Source/source/croutine.o
 .debug_ranges  0x00000000       0x28 FreeRTOS_Source/source/croutine.o
 .debug_line    0x00000000      0x33b FreeRTOS_Source/source/croutine.o
 .debug_str     0x00000000      0x579 FreeRTOS_Source/source/croutine.o
 .comment       0x00000000       0x31 FreeRTOS_Source/source/croutine.o
 .debug_frame   0x00000000       0xc0 FreeRTOS_Source/source/croutine.o
 .text          0x00000000        0x0 FreeRTOS_Source/source/event_groups.o
 .data          0x00000000        0x0 FreeRTOS_Source/source/event_groups.o
 .bss           0x00000000        0x0 FreeRTOS_Source/source/event_groups.o
 .text.xEventGroupCreate
                0x00000000       0x26 FreeRTOS_Source/source/event_groups.o
 .text.xEventGroupWaitBits
                0x00000000      0x110 FreeRTOS_Source/source/event_groups.o
 .text.xEventGroupClearBits
                0x00000000       0x1e FreeRTOS_Source/source/event_groups.o
 .text.xEventGroupGetBitsFromISR
                0x00000000        0x8 FreeRTOS_Source/source/event_groups.o
 .text.xEventGroupSetBits
                0x00000000       0xdc FreeRTOS_Source/source/event_groups.o
 .text.xEventGroupSync
                0x00000000       0xd2 FreeRTOS_Source/source/event_groups.o
 .text.vEventGroupDelete
                0x00000000       0x32 FreeRTOS_Source/source/event_groups.o
 .text.vEventGroupSetBitsCallback
                0x00000000        0x8 FreeRTOS_Source/source/event_groups.o
 .text.vEventGroupClearBitsCallback
                0x00000000        0x8 FreeRTOS_Source/source/event_groups.o
 .debug_info    0x00000000      0x8ed FreeRTOS_Source/source/event_groups.o
 .debug_abbrev  0x00000000      0x205 FreeRTOS_Source/source/event_groups.o
 .debug_loc     0x00000000      0xb40 FreeRTOS_Source/source/event_groups.o
 .debug_aranges
                0x00000000       0x60 FreeRTOS_Source/source/event_groups.o
 .debug_ranges  0x00000000       0x68 FreeRTOS_Source/source/event_groups.o
 .debug_line    0x00000000      0x3c6 FreeRTOS_Source/source/event_groups.o
 .debug_str     0x00000000      0x5c9 FreeRTOS_Source/source/event_groups.o
 .comment       0x00000000       0x31 FreeRTOS_Source/source/event_groups.o
 .debug_frame   0x00000000      0x158 FreeRTOS_Source/source/event_groups.o
 .text          0x00000000        0x0 FreeRTOS_Source/source/list.o
 .data          0x00000000        0x0 FreeRTOS_Source/source/list.o
 .bss           0x00000000        0x0 FreeRTOS_Source/source/list.o
 .text          0x00000000        0x0 FreeRTOS_Source/source/portable/heap_1.o
 .data          0x00000000        0x0 FreeRTOS_Source/source/portable/heap_1.o
 .bss           0x00000000        0x0 FreeRTOS_Source/source/portable/heap_1.o
 .text.vPortInitialiseBlocks
                0x00000000        0xa FreeRTOS_Source/source/portable/heap_1.o
 .text.xPortGetFreeHeapSize
                0x00000000       0x12 FreeRTOS_Source/source/portable/heap_1.o
 .text          0x00000000        0x0 FreeRTOS_Source/source/portable/port.o
 .data          0x00000000        0x0 FreeRTOS_Source/source/portable/port.o
 .bss           0x00000000        0x0 FreeRTOS_Source/source/portable/port.o
 .text.vPortEndScheduler
                0x00000000        0x2 FreeRTOS_Source/source/portable/port.o
 .text          0x00000000        0x0 FreeRTOS_Source/source/queue.o
 .data          0x00000000        0x0 FreeRTOS_Source/source/queue.o
 .bss           0x00000000        0x0 FreeRTOS_Source/source/queue.o
 .text.xQueueGenericSend
                0x00000000      0x142 FreeRTOS_Source/source/queue.o
 .text.xQueueGiveFromISR
                0x00000000       0x52 FreeRTOS_Source/source/queue.o
 .text.xQueueReceiveFromISR
                0x00000000       0x6e FreeRTOS_Source/source/queue.o
 .text.xQueuePeekFromISR
                0x00000000       0x2e FreeRTOS_Source/source/queue.o
 .text.uxQueueMessagesWaiting
                0x00000000       0x10 FreeRTOS_Source/source/queue.o
 .text.uxQueueSpacesAvailable
                0x00000000       0x14 FreeRTOS_Source/source/queue.o
 .text.uxQueueMessagesWaitingFromISR
                0x00000000        0x6 FreeRTOS_Source/source/queue.o
 .text.xQueueIsQueueEmptyFromISR
                0x00000000        0xc FreeRTOS_Source/source/queue.o
 .text.xQueueIsQueueFullFromISR
                0x00000000        0xe FreeRTOS_Source/source/queue.o
 .text.xQueueCRSend
                0x00000000       0x72 FreeRTOS_Source/source/queue.o
 .text.xQueueCRReceive
                0x00000000       0x92 FreeRTOS_Source/source/queue.o
 .text.xQueueCRSendFromISR
                0x00000000       0x48 FreeRTOS_Source/source/queue.o
 .text.xQueueCRReceiveFromISR
                0x00000000       0x82 FreeRTOS_Source/source/queue.o
 .text.vQueueAddToRegistry
                0x00000000       0x1a FreeRTOS_Source/source/queue.o
 .text.pcQueueGetName
                0x00000000       0x1e FreeRTOS_Source/source/queue.o
 .text.vQueueUnregisterQueue
                0x00000000       0x1c FreeRTOS_Source/source/queue.o
 .text.vQueueDelete
                0x00000000       0x16 FreeRTOS_Source/source/queue.o
 COMMON         0x00000000        0x4 FreeRTOS_Source/source/queue.o
 .text          0x00000000        0x0 FreeRTOS_Source/source/tasks.o
 .data          0x00000000        0x0 FreeRTOS_Source/source/tasks.o
 .bss           0x00000000        0x0 FreeRTOS_Source/source/tasks.o
 .text.vTaskDelete
                0x00000000       0xaa FreeRTOS_Source/source/tasks.o
 .text.uxTaskPriorityGet
                0x00000000       0x1c FreeRTOS_Source/source/tasks.o
 .text.uxTaskPriorityGetFromISR
                0x00000000       0x12 FreeRTOS_Source/source/tasks.o
 .text.vTaskPrioritySet
                0x00000000       0xf0 FreeRTOS_Source/source/tasks.o
 .text.xTaskResumeFromISR
                0x00000000       0xae FreeRTOS_Source/source/tasks.o
 .text.vTaskEndScheduler
                0x00000000        0xc FreeRTOS_Source/source/tasks.o
 .text.xTaskGetTickCount
                0x00000000       0x14 FreeRTOS_Source/source/tasks.o
 .text.xTaskGetTickCountFromISR
                0x00000000        0xa FreeRTOS_Source/source/tasks.o
 .text.uxTaskGetNumberOfTasks
                0x00000000        0x6 FreeRTOS_Source/source/tasks.o
 .text.pcTaskGetName
                0x00000000       0x10 FreeRTOS_Source/source/tasks.o
 .text.vTaskDelayUntil
                0x00000000       0x7c FreeRTOS_Source/source/tasks.o
 .text.vTaskPlaceOnUnorderedEventList
                0x00000000       0x32 FreeRTOS_Source/source/tasks.o
 .text.xTaskRemoveFromUnorderedEventList
                0x00000000       0x74 FreeRTOS_Source/source/tasks.o
 .text.uxTaskResetEventItemValue
                0x00000000       0x2e FreeRTOS_Source/source/tasks.o
 .text.ulTaskNotifyTake
                0x00000000       0xae FreeRTOS_Source/source/tasks.o
 .text.xTaskNotifyWait
                0x00000000      0x108 FreeRTOS_Source/source/tasks.o
 .text.xTaskGenericNotify
                0x00000000       0xfc FreeRTOS_Source/source/tasks.o
 .text.xTaskGenericNotifyFromISR
                0x00000000      0x122 FreeRTOS_Source/source/tasks.o
 .text.vTaskNotifyGiveFromISR
                0x00000000       0xb6 FreeRTOS_Source/source/tasks.o
 .text.xTaskNotifyStateClear
                0x00000000       0x28 FreeRTOS_Source/source/tasks.o
 .text          0x00000000        0x0 FreeRTOS_Source/source/timers.o
 .data          0x00000000        0x0 FreeRTOS_Source/source/timers.o
 .bss           0x00000000        0x0 FreeRTOS_Source/source/timers.o
 .debug_info    0x00000000       0x64 FreeRTOS_Source/source/timers.o
 .debug_abbrev  0x00000000       0x26 FreeRTOS_Source/source/timers.o
 .debug_aranges
                0x00000000       0x18 FreeRTOS_Source/source/timers.o
 .debug_line    0x00000000       0x1a FreeRTOS_Source/source/timers.o
 .debug_str     0x00000000      0x1ad FreeRTOS_Source/source/timers.o
 .comment       0x00000000       0x31 FreeRTOS_Source/source/timers.o
 .text          0x00000000        0x0 main.o
 .data          0x00000000        0x0 main.o
 .bss           0x00000000        0x0 main.o
 .text          0x00000000        0x0 c:/program files (x86)/atmel/studio/7.0/toolchain/avr8/avr8-gnu-toolchain/bin/../lib/gcc/avr/5.4.0/avr5\libgcc.a(_exit.o)
 .data          0x00000000        0x0 c:/program files (x86)/atmel/studio/7.0/toolchain/avr8/avr8-gnu-toolchain/bin/../lib/gcc/avr/5.4.0/avr5\libgcc.a(_exit.o)
 .bss           0x00000000        0x0 c:/program files (x86)/atmel/studio/7.0/toolchain/avr8/avr8-gnu-toolchain/bin/../lib/gcc/avr/5.4.0/avr5\libgcc.a(_exit.o)
 .text.libgcc.mul
                0x00000000        0x0 c:/program files (x86)/atmel/studio/7.0/toolchain/avr8/avr8-gnu-toolchain/bin/../lib/gcc/avr/5.4.0/avr5\libgcc.a(_exit.o)
 .text.libgcc.div
                0x00000000        0x0 c:/program files (x86)/atmel/studio/7.0/toolchain/avr8/avr8-gnu-toolchain/bin/../lib/gcc/avr/5.4.0/avr5\libgcc.a(_exit.o)
 .text.libgcc   0x00000000        0x0 c:/program files (x86)/atmel/studio/7.0/toolchain/avr8/avr8-gnu-toolchain/bin/../lib/gcc/avr/5.4.0/avr5\libgcc.a(_exit.o)
 .text.libgcc.prologue
                0x00000000        0x0 c:/program files (x86)/atmel/studio/7.0/toolchain/avr8/avr8-gnu-toolchain/bin/../lib/gcc/avr/5.4.0/avr5\libgcc.a(_exit.o)
 .text.libgcc.builtins
                0x00000000        0x0 c:/program files (x86)/atmel/studio/7.0/toolchain/avr8/avr8-gnu-toolchain/bin/../lib/gcc/avr/5.4.0/avr5\libgcc.a(_exit.o)
 .text.libgcc.fmul
                0x00000000        0x0 c:/program files (x86)/atmel/studio/7.0/toolchain/avr8/avr8-gnu-toolchain/bin/../lib/gcc/avr/5.4.0/avr5\libgcc.a(_exit.o)
 .text.libgcc.fixed
                0x00000000        0x0 c:/program files (x86)/atmel/studio/7.0/toolchain/avr8/avr8-gnu-toolchain/bin/../lib/gcc/avr/5.4.0/avr5\libgcc.a(_exit.o)
 .text          0x00000000        0x0 c:/program files (x86)/atmel/studio/7.0/toolchain/avr8/avr8-gnu-toolchain/bin/../lib/gcc/avr/5.4.0/avr5\libgcc.a(_copy_data.o)
 .data          0x00000000        0x0 c:/program files (x86)/atmel/studio/7.0/toolchain/avr8/avr8-gnu-toolchain/bin/../lib/gcc/avr/5.4.0/avr5\libgcc.a(_copy_data.o)
 .bss           0x00000000        0x0 c:/program files (x86)/atmel/studio/7.0/toolchain/avr8/avr8-gnu-toolchain/bin/../lib/gcc/avr/5.4.0/avr5\libgcc.a(_copy_data.o)
 .text.libgcc.mul
                0x00000000        0x0 c:/program files (x86)/atmel/studio/7.0/toolchain/avr8/avr8-gnu-toolchain/bin/../lib/gcc/avr/5.4.0/avr5\libgcc.a(_copy_data.o)
 .text.libgcc.div
                0x00000000        0x0 c:/program files (x86)/atmel/studio/7.0/toolchain/avr8/avr8-gnu-toolchain/bin/../lib/gcc/avr/5.4.0/avr5\libgcc.a(_copy_data.o)
 .text.libgcc   0x00000000        0x0 c:/program files (x86)/atmel/studio/7.0/toolchain/avr8/avr8-gnu-toolchain/bin/../lib/gcc/avr/5.4.0/avr5\libgcc.a(_copy_data.o)
 .text.libgcc.prologue
                0x00000000        0x0 c:/program files (x86)/atmel/studio/7.0/toolchain/avr8/avr8-gnu-toolchain/bin/../lib/gcc/avr/5.4.0/avr5\libgcc.a(_copy_data.o)
 .text.libgcc.builtins
                0x00000000        0x0 c:/program files (x86)/atmel/studio/7.0/toolchain/avr8/avr8-gnu-toolchain/bin/../lib/gcc/avr/5.4.0/avr5\libgcc.a(_copy_data.o)
 .text.libgcc.fmul
                0x00000000        0x0 c:/program files (x86)/atmel/studio/7.0/toolchain/avr8/avr8-gnu-toolchain/bin/../lib/gcc/avr/5.4.0/avr5\libgcc.a(_copy_data.o)
 .text.libgcc.fixed
                0x00000000        0x0 c:/program files (x86)/atmel/studio/7.0/toolchain/avr8/avr8-gnu-toolchain/bin/../lib/gcc/avr/5.4.0/avr5\libgcc.a(_copy_data.o)
 .text          0x00000000        0x0 c:/program files (x86)/atmel/studio/7.0/toolchain/avr8/avr8-gnu-toolchain/bin/../lib/gcc/avr/5.4.0/avr5\libgcc.a(_clear_bss.o)
 .data          0x00000000        0x0 c:/program files (x86)/atmel/studio/7.0/toolchain/avr8/avr8-gnu-toolchain/bin/../lib/gcc/avr/5.4.0/avr5\libgcc.a(_clear_bss.o)
 .bss           0x00000000        0x0 c:/program files (x86)/atmel/studio/7.0/toolchain/avr8/avr8-gnu-toolchain/bin/../lib/gcc/avr/5.4.0/avr5\libgcc.a(_clear_bss.o)
 .text.libgcc.mul
                0x00000000        0x0 c:/program files (x86)/atmel/studio/7.0/toolchain/avr8/avr8-gnu-toolchain/bin/../lib/gcc/avr/5.4.0/avr5\libgcc.a(_clear_bss.o)
 .text.libgcc.div
                0x00000000        0x0 c:/program files (x86)/atmel/studio/7.0/toolchain/avr8/avr8-gnu-toolchain/bin/../lib/gcc/avr/5.4.0/avr5\libgcc.a(_clear_bss.o)
 .text.libgcc   0x00000000        0x0 c:/program files (x86)/atmel/studio/7.0/toolchain/avr8/avr8-gnu-toolchain/bin/../lib/gcc/avr/5.4.0/avr5\libgcc.a(_clear_bss.o)
 .text.libgcc.prologue
                0x00000000        0x0 c:/program files (x86)/atmel/studio/7.0/toolchain/avr8/avr8-gnu-toolchain/bin/../lib/gcc/avr/5.4.0/avr5\libgcc.a(_clear_bss.o)
 .text.libgcc.builtins
                0x00000000        0x0 c:/program files (x86)/atmel/studio/7.0/toolchain/avr8/avr8-gnu-toolchain/bin/../lib/gcc/avr/5.4.0/avr5\libgcc.a(_clear_bss.o)
 .text.libgcc.fmul
                0x00000000        0x0 c:/program files (x86)/atmel/studio/7.0/toolchain/avr8/avr8-gnu-toolchain/bin/../lib/gcc/avr/5.4.0/avr5\libgcc.a(_clear_bss.o)
 .text.libgcc.fixed
                0x00000000        0x0 c:/program files (x86)/atmel/studio/7.0/toolchain/avr8/avr8-gnu-toolchain/bin/../lib/gcc/avr/5.4.0/avr5\libgcc.a(_clear_bss.o)
 .text          0x00000000        0x0 c:/program files (x86)/atmel/studio/7.0/toolchain/avr8/avr8-gnu-toolchain/bin/../lib/gcc/avr/5.4.0/../../../../avr/lib/avr5\libc.a(memcpy.o)
 .data          0x00000000        0x0 c:/program files (x86)/atmel/studio/7.0/toolchain/avr8/avr8-gnu-toolchain/bin/../lib/gcc/avr/5.4.0/../../../../avr/lib/avr5\libc.a(memcpy.o)
 .bss           0x00000000        0x0 c:/program files (x86)/atmel/studio/7.0/toolchain/avr8/avr8-gnu-toolchain/bin/../lib/gcc/avr/5.4.0/../../../../avr/lib/avr5\libc.a(memcpy.o)

Memory Configuration

Name             Origin             Length             Attributes
text             0x00000000         0x00020000         xr
data             0x00800060         0x0000ffa0         rw !x
eeprom           0x00810000         0x00010000         rw !x
fuse             0x00820000         0x00000400         rw !x
lock             0x00830000         0x00000400         rw !x
signature        0x00840000         0x00000400         rw !x
user_signatures  0x00850000         0x00000400         rw !x
*default*        0x00000000         0xffffffff

Linker script and memory map

Address of section .data set to 0x800100
LOAD C:/Program Files (x86)/Atmel/Studio/7.0/Packs/atmel/ATmega_DFP/1.0.106/gcc/dev/atmega328p/avr5/crtatmega328p.o
LOAD FreeRTOS_Source/source/croutine.o
LOAD FreeRTOS_Source/source/event_groups.o
LOAD FreeRTOS_Source/source/list.o
LOAD FreeRTOS_Source/source/portable/heap_1.o
LOAD FreeRTOS_Source/source/portable/port.o
LOAD FreeRTOS_Source/source/queue.o
LOAD FreeRTOS_Source/source/tasks.o
LOAD FreeRTOS_Source/source/timers.o
LOAD main.o
START GROUP
LOAD c:/program files (x86)/atmel/studio/7.0/toolchain/avr8/avr8-gnu-toolchain/bin/../lib/gcc/avr/5.4.0/../../../../avr/lib/avr5\libm.a
END GROUP
START GROUP
LOAD c:/program files (x86)/atmel/studio/7.0/toolchain/avr8/avr8-gnu-toolchain/bin/../lib/gcc/avr/5.4.0/avr5\libgcc.a
LOAD c:/program files (x86)/atmel/studio/7.0/toolchain/avr8/avr8-gnu-toolchain/bin/../lib/gcc/avr/5.4.0/../../../../avr/lib/avr5\libm.a
LOAD c:/program files (x86)/atmel/studio/7.0/toolchain/avr8/avr8-gnu-toolchain/bin/../lib/gcc/avr/5.4.0/../../../../avr/lib/avr5\libc.a
LOAD C:/Program Files (x86)/Atmel/Studio/7.0/Packs/atmel/ATmega_DFP/1.0.106/gcc/dev/atmega328p/avr5\libatmega328p.a
END GROUP
                0x00000000                __TEXT_REGION_ORIGIN__ = DEFINED (__TEXT_REGION_ORIGIN__)?__TEXT_REGION_ORIGIN__:0x0
                0x00800060                __DATA_REGION_ORIGIN__ = DEFINED (__DATA_REGION_ORIGIN__)?__DATA_REGION_ORIGIN__:0x800060
                0x00020000                __TEXT_REGION_LENGTH__ = DEFINED (__TEXT_REGION_LENGTH__)?__TEXT_REGION_LENGTH__:0x20000
                0x0000ffa0                __DATA_REGION_LENGTH__ = DEFINED (__DATA_REGION_LENGTH__)?__DATA_REGION_LENGTH__:0xffa0
                0x00010000                __EEPROM_REGION_LENGTH__ = DEFINED (__EEPROM_REGION_LENGTH__)?__EEPROM_REGION_LENGTH__:0x10000
                0x00000400                __FUSE_REGION_LENGTH__ = DEFINED (__FUSE_REGION_LENGTH__)?__FUSE_REGION_LENGTH__:0x400
                0x00000400                __LOCK_REGION_LENGTH__ = DEFINED (__LOCK_REGION_LENGTH__)?__LOCK_REGION_LENGTH__:0x400
                0x00000400                __SIGNATURE_REGION_LENGTH__ = DEFINED (__SIGNATURE_REGION_LENGTH__)?__SIGNATURE_REGION_LENGTH__:0x400
                0x00000400                __USER_SIGNATURE_REGION_LENGTH__ = DEFINED (__USER_SIGNATURE_REGION_LENGTH__)?__USER_SIGNATURE_REGION_LENGTH__:0x400

.hash
 *(.hash)

.dynsym
 *(.dynsym)

.dynstr
 *(.dynstr)

.gnu.version
 *(.gnu.version)

.gnu.version_d
 *(.gnu.version_d)

.gnu.version_r
 *(.gnu.version_r)

.rel.init
 *(.rel.init)

.rela.init
 *(.rela.init)

.rel.text
 *(.rel.text)
 *(.rel.text.*)
 *(.rel.gnu.linkonce.t*)

.rela.text
 *(.rela.text)
 *(.rela.text.*)
 *(.rela.gnu.linkonce.t*)

.rel.fini
 *(.rel.fini)

.rela.fini
 *(.rela.fini)

.rel.rodata
 *(.rel.rodata)
 *(.rel.rodata.*)
 *(.rel.gnu.linkonce.r*)

.rela.rodata
 *(.rela.rodata)
 *(.rela.rodata.*)
 *(.rela.gnu.linkonce.r*)

.rel.data
 *(.rel.data)
 *(.rel.data.*)
 *(.rel.gnu.linkonce.d*)

.rela.data
 *(.rela.data)
 *(.rela.data.*)
 *(.rela.gnu.linkonce.d*)

.rel.ctors
 *(.rel.ctors)

.rela.ctors
 *(.rela.ctors)

.rel.dtors
 *(.rel.dtors)

.rela.dtors
 *(.rela.dtors)

.rel.got
 *(.rel.got)

.rela.got
 *(.rela.got)

.rel.bss
 *(.rel.bss)

.rela.bss
 *(.rela.bss)

.rel.plt
 *(.rel.plt)

.rela.plt
 *(.rela.plt)

.text           0x00000000     0x1702
 *(.vectors)
 .vectors       0x00000000       0x68 C:/Program Files (x86)/Atmel/Studio/7.0/Packs/atmel/ATmega_DFP/1.0.106/gcc/dev/atmega328p/avr5/crtatmega328p.o
                0x00000000                __vector_default
                0x00000000                __vectors
 *(.vectors)
 *(.progmem.gcc*)
                0x00000068                . = ALIGN (0x2)
                0x00000068                __trampolines_start = .
 *(.trampolines)
 .trampolines   0x00000068        0x0 linker stubs
 *(.trampolines*)
                0x00000068                __trampolines_end = .
 *libprintf_flt.a:*(.progmem.data)
 *libc.a:*(.progmem.data)
 *(.progmem*)
                0x00000068                . = ALIGN (0x2)
 *(.jumptables)
 *(.jumptables*)
 *(.lowtext)
 *(.lowtext*)
                0x00000068                __ctors_start = .
 *(.ctors)
                0x00000068                __ctors_end = .
                0x00000068                __dtors_start = .
 *(.dtors)
                0x00000068                __dtors_end = .
 SORT(*)(.ctors)
 SORT(*)(.dtors)
 *(.init0)
 .init0         0x00000068        0x0 C:/Program Files (x86)/Atmel/Studio/7.0/Packs/atmel/ATmega_DFP/1.0.106/gcc/dev/atmega328p/avr5/crtatmega328p.o
                0x00000068                __init
 *(.init0)
 *(.init1)
 *(.init1)
 *(.init2)
 .init2         0x00000068        0xc C:/Program Files (x86)/Atmel/Studio/7.0/Packs/atmel/ATmega_DFP/1.0.106/gcc/dev/atmega328p/avr5/crtatmega328p.o
 *(.init2)
 *(.init3)
 *(.init3)
 *(.init4)
 .init4         0x00000074       0x16 c:/program files (x86)/atmel/studio/7.0/toolchain/avr8/avr8-gnu-toolchain/bin/../lib/gcc/avr/5.4.0/avr5\libgcc.a(_copy_data.o)
                0x00000074                __do_copy_data
 .init4         0x0000008a       0x10 c:/program files (x86)/atmel/studio/7.0/toolchain/avr8/avr8-gnu-toolchain/bin/../lib/gcc/avr/5.4.0/avr5\libgcc.a(_clear_bss.o)
                0x0000008a                __do_clear_bss
 *(.init4)
 *(.init5)
 *(.init5)
 *(.init6)
 *(.init6)
 *(.init7)
 *(.init7)
 *(.init8)
 *(.init8)
 *(.init9)
 .init9         0x0000009a        0x8 C:/Program Files (x86)/Atmel/Studio/7.0/Packs/atmel/ATmega_DFP/1.0.106/gcc/dev/atmega328p/avr5/crtatmega328p.o
 *(.init9)
 *(.text)
 .text          0x000000a2        0x4 C:/Program Files (x86)/Atmel/Studio/7.0/Packs/atmel/ATmega_DFP/1.0.106/gcc/dev/atmega328p/avr5/crtatmega328p.o
                0x000000a2                __vector_22
                0x000000a2                __vector_1
                0x000000a2                __vector_24
                0x000000a2                __vector_12
                0x000000a2                __bad_interrupt
                0x000000a2                __vector_6
                0x000000a2                __vector_3
                0x000000a2                __vector_23
                0x000000a2                __vector_25
                0x000000a2                __vector_13
                0x000000a2                __vector_17
                0x000000a2                __vector_19
                0x000000a2                __vector_7
                0x000000a2                __vector_5
                0x000000a2                __vector_4
                0x000000a2                __vector_9
                0x000000a2                __vector_2
                0x000000a2                __vector_21
                0x000000a2                __vector_15
                0x000000a2                __vector_8
                0x000000a2                __vector_14
                0x000000a2                __vector_10
                0x000000a2                __vector_16
                0x000000a2                __vector_20
                0x000000a6                . = ALIGN (0x2)
 *(.text.*)
 .text.vListInitialise
                0x000000a6       0x1c FreeRTOS_Source/source/list.o
                0x000000a6                vListInitialise
 .text.vListInitialiseItem
                0x000000c2        0x8 FreeRTOS_Source/source/list.o
                0x000000c2                vListInitialiseItem
 .text.vListInsertEnd
                0x000000ca       0x42 FreeRTOS_Source/source/list.o
                0x000000ca                vListInsertEnd
 .text.vListInsert
                0x0000010c       0x62 FreeRTOS_Source/source/list.o
                0x0000010c                vListInsert
 .text.uxListRemove
                0x0000016e       0x4c FreeRTOS_Source/source/list.o
                0x0000016e                uxListRemove
 .text.pvPortMalloc
                0x000001ba       0x6a FreeRTOS_Source/source/portable/heap_1.o
                0x000001ba                pvPortMalloc
 .text.vPortFree
                0x00000224        0x2 FreeRTOS_Source/source/portable/heap_1.o
                0x00000224                vPortFree
 .text.pxPortInitialiseStack
                0x00000226       0xd8 FreeRTOS_Source/source/portable/port.o
                0x00000226                pxPortInitialiseStack
 .text.xPortStartScheduler
                0x000002fe       0x80 FreeRTOS_Source/source/portable/port.o
                0x000002fe                xPortStartScheduler
 .text.vPortYield
                0x0000037e       0xb2 FreeRTOS_Source/source/portable/port.o
                0x0000037e                vPortYield
 .text.vPortYieldFromTick
                0x00000430       0xb6 FreeRTOS_Source/source/portable/port.o
                0x00000430                vPortYieldFromTick
 .text.__vector_11
                0x000004e6        0x6 FreeRTOS_Source/source/portable/port.o
                0x000004e6                __vector_11
 .text.prvCopyDataToQueue
                0x000004ec       0x92 FreeRTOS_Source/source/queue.o
 .text.prvCopyDataFromQueue
                0x0000057e       0x34 FreeRTOS_Source/source/queue.o
 .text.prvUnlockQueue
                0x000005b2       0x9a FreeRTOS_Source/source/queue.o
 .text.xQueueGenericReset
                0x0000064c       0x7a FreeRTOS_Source/source/queue.o
                0x0000064c                xQueueGenericReset
 .text.xQueueGenericCreate
                0x000006c6       0x5a FreeRTOS_Source/source/queue.o
                0x000006c6                xQueueGenericCreate
 .text.xQueueGenericSendFromISR
                0x00000720       0x74 FreeRTOS_Source/source/queue.o
                0x00000720                xQueueGenericSendFromISR
 .text.xQueueGenericReceive
                0x00000794      0x16a FreeRTOS_Source/source/queue.o
                0x00000794                xQueueGenericReceive
 .text.prvResetNextTaskUnblockTime
                0x000008fe       0x3e FreeRTOS_Source/source/tasks.o
 .text.prvAddCurrentTaskToDelayedList
                0x0000093c       0xb0 FreeRTOS_Source/source/tasks.o
 .text.xTaskCreate
                0x000009ec      0x21a FreeRTOS_Source/source/tasks.o
                0x000009ec                xTaskCreate
 .text.vTaskResume
                0x00000c06       0x9e FreeRTOS_Source/source/tasks.o
                0x00000c06                vTaskResume
 .text.vTaskStartScheduler
                0x00000ca4       0x54 FreeRTOS_Source/source/tasks.o
                0x00000ca4                vTaskStartScheduler
 .text.vTaskSuspendAll
                0x00000cf8        0xc FreeRTOS_Source/source/tasks.o
                0x00000cf8                vTaskSuspendAll
 .text.xTaskIncrementTick
                0x00000d04      0x176 FreeRTOS_Source/source/tasks.o
                0x00000d04                xTaskIncrementTick
 .text.xTaskResumeAll
                0x00000e7a       0xfe FreeRTOS_Source/source/tasks.o
                0x00000e7a                xTaskResumeAll
 .text.vTaskDelay
                0x00000f78       0x28 FreeRTOS_Source/source/tasks.o
                0x00000f78                vTaskDelay
 .text.prvIdleTask
                0x00000fa0       0x7e FreeRTOS_Source/source/tasks.o
 .text.vTaskSwitchContext
                0x0000101e       0xcc FreeRTOS_Source/source/tasks.o
                0x0000101e                vTaskSwitchContext
 .text.vTaskSuspend
                0x000010ea       0x9c FreeRTOS_Source/source/tasks.o
                0x000010ea                vTaskSuspend
 .text.vTaskPlaceOnEventList
                0x00001186       0x24 FreeRTOS_Source/source/tasks.o
                0x00001186                vTaskPlaceOnEventList
 .text.xTaskRemoveFromEventList
                0x000011aa       0x90 FreeRTOS_Source/source/tasks.o
                0x000011aa                xTaskRemoveFromEventList
 .text.vTaskSetTimeOutState
                0x0000123a       0x16 FreeRTOS_Source/source/tasks.o
                0x0000123a                vTaskSetTimeOutState
 .text.xTaskCheckForTimeOut
                0x00001250       0x72 FreeRTOS_Source/source/tasks.o
                0x00001250                xTaskCheckForTimeOut
 .text.vTaskMissedYield
                0x000012c2        0x8 FreeRTOS_Source/source/tasks.o
                0x000012c2                vTaskMissedYield
 .text.alarmOFF
                0x000012ca       0x2a main.o
                0x000012ca                alarmOFF
 .text.stopBlinkLED
                0x000012f4        0xe main.o
                0x000012f4                stopBlinkLED
 .text.alarmON  0x00001302       0x2e main.o
                0x00001302                alarmON
 .text.buzzerTask
                0x00001330       0x2c main.o
                0x00001330                buzzerTask
 .text.fanTask  0x0000135c       0x44 main.o
                0x0000135c                fanTask
 .text.blinkLED
                0x000013a0       0x26 main.o
                0x000013a0                blinkLED
 .text.__vector_18
                0x000013c6       0x80 main.o
                0x000013c6                __vector_18
 .text.UART_init
                0x00001446       0x18 main.o
                0x00001446                UART_init
 .text.UART_sendChar
                0x0000145e       0x10 main.o
                0x0000145e                UART_sendChar
 .text.UART_sendString
                0x0000146e       0x20 main.o
                0x0000146e                UART_sendString
 .text.serialInterruptTask
                0x0000148e      0x14e main.o
                0x0000148e                serialInterruptTask
 .text.main     0x000015dc      0x10e main.o
                0x000015dc                main
 .text.vApplicationIdleHook
                0x000016ea        0x2 main.o
                0x000016ea                vApplicationIdleHook
 .text.avr-libc
                0x000016ec       0x12 c:/program files (x86)/atmel/studio/7.0/toolchain/avr8/avr8-gnu-toolchain/bin/../lib/gcc/avr/5.4.0/../../../../avr/lib/avr5\libc.a(memcpy.o)
                0x000016ec                memcpy
                0x000016fe                . = ALIGN (0x2)
 *(.fini9)
 .fini9         0x000016fe        0x0 c:/program files (x86)/atmel/studio/7.0/toolchain/avr8/avr8-gnu-toolchain/bin/../lib/gcc/avr/5.4.0/avr5\libgcc.a(_exit.o)
                0x000016fe                _exit
                0x000016fe                exit
 *(.fini9)
 *(.fini8)
 *(.fini8)
 *(.fini7)
 *(.fini7)
 *(.fini6)
 *(.fini6)
 *(.fini5)
 *(.fini5)
 *(.fini4)
 *(.fini4)
 *(.fini3)
 *(.fini3)
 *(.fini2)
 *(.fini2)
 *(.fini1)
 *(.fini1)
 *(.fini0)
 .fini0         0x000016fe        0x4 c:/program files (x86)/atmel/studio/7.0/toolchain/avr8/avr8-gnu-toolchain/bin/../lib/gcc/avr/5.4.0/avr5\libgcc.a(_exit.o)
 *(.fini0)
                0x00001702                _etext = .

.data           0x00800100       0xe2 load address 0x00001702
                0x00800100                PROVIDE (__data_start, .)
 *(.data)
 *(.data*)
 *(.gnu.linkonce.d*)
 *(.rodata)
 *(.rodata*)
 .rodata.str1.1
                0x00800100        0x5 FreeRTOS_Source/source/tasks.o
 .rodata.str1.1
                0x00800105       0xdc main.o
                                 0xde (size before relaxing)
 *(.gnu.linkonce.r*)
                0x008001e2                . = ALIGN (0x2)
 *fill*         0x008001e1        0x1 
                0x008001e2                _edata = .
                0x008001e2                PROVIDE (__data_end, .)

.bss            0x008001e2      0x65c
                0x008001e2                PROVIDE (__bss_start, .)
 *(.bss)
 *(.bss*)
 .bss.pucAlignedHeap.2068
                0x008001e2        0x2 FreeRTOS_Source/source/portable/heap_1.o
 .bss.xNextFreeByte
                0x008001e4        0x2 FreeRTOS_Source/source/portable/heap_1.o
 .bss.ucHeap    0x008001e6      0x5dc FreeRTOS_Source/source/portable/heap_1.o
 .bss.uxSchedulerSuspended
                0x008007c2        0x1 FreeRTOS_Source/source/tasks.o
 .bss.xIdleTaskHandle
                0x008007c3        0x2 FreeRTOS_Source/source/tasks.o
 .bss.xNextTaskUnblockTime
                0x008007c5        0x2 FreeRTOS_Source/source/tasks.o
 .bss.uxTaskNumber
                0x008007c7        0x1 FreeRTOS_Source/source/tasks.o
 .bss.xNumOfOverflows
                0x008007c8        0x1 FreeRTOS_Source/source/tasks.o
 .bss.xYieldPending
                0x008007c9        0x1 FreeRTOS_Source/source/tasks.o
 .bss.uxPendedTicks
                0x008007ca        0x1 FreeRTOS_Source/source/tasks.o
 .bss.xSchedulerRunning
                0x008007cb        0x1 FreeRTOS_Source/source/tasks.o
 .bss.uxTopReadyPriority
                0x008007cc        0x1 FreeRTOS_Source/source/tasks.o
 .bss.xTickCount
                0x008007cd        0x2 FreeRTOS_Source/source/tasks.o
 .bss.uxCurrentNumberOfTasks
                0x008007cf        0x1 FreeRTOS_Source/source/tasks.o
 .bss.xSuspendedTaskList
                0x008007d0        0x9 FreeRTOS_Source/source/tasks.o
 .bss.uxDeletedTasksWaitingCleanUp
                0x008007d9        0x1 FreeRTOS_Source/source/tasks.o
 .bss.xTasksWaitingTermination
                0x008007da        0x9 FreeRTOS_Source/source/tasks.o
 .bss.xPendingReadyList
                0x008007e3        0x9 FreeRTOS_Source/source/tasks.o
 .bss.pxOverflowDelayedTaskList
                0x008007ec        0x2 FreeRTOS_Source/source/tasks.o
 .bss.pxDelayedTaskList
                0x008007ee        0x2 FreeRTOS_Source/source/tasks.o
 .bss.xDelayedTaskList2
                0x008007f0        0x9 FreeRTOS_Source/source/tasks.o
 .bss.xDelayedTaskList1
                0x008007f9        0x9 FreeRTOS_Source/source/tasks.o
 .bss.pxReadyTasksLists
                0x00800802       0x24 FreeRTOS_Source/source/tasks.o
 .bss.pxCurrentTCB
                0x00800826        0x2 FreeRTOS_Source/source/tasks.o
                0x00800826                pxCurrentTCB
 .bss.stateFan  0x00800828        0x2 main.o
                0x00800828                stateFan
 .bss.stateBuzzer
                0x0080082a        0x2 main.o
                0x0080082a                stateBuzzer
 .bss.alarmState
                0x0080082c        0x2 main.o
                0x0080082c                alarmState
 .bss.fanTaskHandle
                0x0080082e        0x2 main.o
                0x0080082e                fanTaskHandle
 .bss.buzzerTaskHandle
                0x00800830        0x2 main.o
                0x00800830                buzzerTaskHandle
 .bss.alarmOFFTaskHandle
                0x00800832        0x2 main.o
                0x00800832                alarmOFFTaskHandle
 .bss.alarmONTaskHandle
                0x00800834        0x2 main.o
                0x00800834                alarmONTaskHandle
 .bss.serialInterruptTaskHandle
                0x00800836        0x2 main.o
                0x00800836                serialInterruptTaskHandle
 .bss.stopBlinkLedHandle
                0x00800838        0x2 main.o
                0x00800838                stopBlinkLedHandle
 .bss.blinkLedHandle
                0x0080083a        0x2 main.o
                0x0080083a                blinkLedHandle
 *(COMMON)
 COMMON         0x0080083c        0x2 main.o
                0x0080083c                xIntegerQueue
                0x0080083e                PROVIDE (__bss_end, .)
                0x00001702                __data_load_start = LOADADDR (.data)
                0x000017e4                __data_load_end = (__data_load_start + SIZEOF (.data))

.noinit         0x0080083e        0x0
                [!provide]                PROVIDE (__noinit_start, .)
 *(.noinit*)
                [!provide]                PROVIDE (__noinit_end, .)
                0x0080083e                _end = .
                [!provide]                PROVIDE (__heap_start, .)

.eeprom         0x00810000        0x0
 *(.eeprom*)
                0x00810000                __eeprom_end = .

.fuse
 *(.fuse)
 *(.lfuse)
 *(.hfuse)
 *(.efuse)

.lock
 *(.lock*)

.signature
 *(.signature*)

.user_signatures
 *(.user_signatures*)

.stab
 *(.stab)

.stabstr
 *(.stabstr)

.stab.excl
 *(.stab.excl)

.stab.exclstr
 *(.stab.exclstr)

.stab.index
 *(.stab.index)

.stab.indexstr
 *(.stab.indexstr)

.comment        0x00000000       0x30
 *(.comment)
 .comment       0x00000000       0x30 FreeRTOS_Source/source/list.o
                                 0x31 (size before relaxing)
 .comment       0x00000030       0x31 FreeRTOS_Source/source/portable/heap_1.o
 .comment       0x00000030       0x31 FreeRTOS_Source/source/portable/port.o
 .comment       0x00000030       0x31 FreeRTOS_Source/source/queue.o
 .comment       0x00000030       0x31 FreeRTOS_Source/source/tasks.o
 .comment       0x00000030       0x31 main.o

.note.gnu.avr.deviceinfo
                0x00000000       0x40
 .note.gnu.avr.deviceinfo
                0x00000000       0x40 C:/Program Files (x86)/Atmel/Studio/7.0/Packs/atmel/ATmega_DFP/1.0.106/gcc/dev/atmega328p/avr5/crtatmega328p.o

.note.gnu.build-id
 *(.note.gnu.build-id)

.debug
 *(.debug)

.line
 *(.line)

.debug_srcinfo
 *(.debug_srcinfo)

.debug_sfnames
 *(.debug_sfnames)

.debug_aranges  0x00000000      0x358
 *(.debug_aranges)
 .debug_aranges
                0x00000000       0x40 FreeRTOS_Source/source/list.o
 .debug_aranges
                0x00000040       0x38 FreeRTOS_Source/source/portable/heap_1.o
 .debug_aranges
                0x00000078       0x48 FreeRTOS_Source/source/portable/port.o
 .debug_aranges
                0x000000c0       0xd8 FreeRTOS_Source/source/queue.o
 .debug_aranges
                0x00000198      0x140 FreeRTOS_Source/source/tasks.o
 .debug_aranges
                0x000002d8       0x80 main.o

.debug_pubnames
 *(.debug_pubnames)

.debug_info     0x00000000     0x434c
 *(.debug_info .gnu.linkonce.wi.*)
 .debug_info    0x00000000      0x2cd FreeRTOS_Source/source/list.o
 .debug_info    0x000002cd      0x1a4 FreeRTOS_Source/source/portable/heap_1.o
 .debug_info    0x00000471      0x242 FreeRTOS_Source/source/portable/port.o
 .debug_info    0x000006b3     0x14fd FreeRTOS_Source/source/queue.o
 .debug_info    0x00001bb0     0x1cc1 FreeRTOS_Source/source/tasks.o
 .debug_info    0x00003871      0xadb main.o

.debug_abbrev   0x00000000      0xc00
 *(.debug_abbrev)
 .debug_abbrev  0x00000000       0xf8 FreeRTOS_Source/source/list.o
 .debug_abbrev  0x000000f8      0x11c FreeRTOS_Source/source/portable/heap_1.o
 .debug_abbrev  0x00000214      0x155 FreeRTOS_Source/source/portable/port.o
 .debug_abbrev  0x00000369      0x2bc FreeRTOS_Source/source/queue.o
 .debug_abbrev  0x00000625      0x33a FreeRTOS_Source/source/tasks.o
 .debug_abbrev  0x0000095f      0x2a1 main.o

.debug_line     0x00000000     0x258b
 *(.debug_line .debug_line.* .debug_line_end)
 .debug_line    0x00000000      0x1fb FreeRTOS_Source/source/list.o
 .debug_line    0x000001fb      0x1d8 FreeRTOS_Source/source/portable/heap_1.o
 .debug_line    0x000003d3      0x2c1 FreeRTOS_Source/source/portable/port.o
 .debug_line    0x00000694      0xa77 FreeRTOS_Source/source/queue.o
 .debug_line    0x0000110b      0xfa9 FreeRTOS_Source/source/tasks.o
 .debug_line    0x000020b4      0x4d7 main.o

.debug_frame    0x00000000      0xa60
 *(.debug_frame)
 .debug_frame   0x00000000       0x88 FreeRTOS_Source/source/list.o
 .debug_frame   0x00000088       0x60 FreeRTOS_Source/source/portable/heap_1.o
 .debug_frame   0x000000e8       0x74 FreeRTOS_Source/source/portable/port.o
 .debug_frame   0x0000015c      0x310 FreeRTOS_Source/source/queue.o
 .debug_frame   0x0000046c      0x49c FreeRTOS_Source/source/tasks.o
 .debug_frame   0x00000908      0x158 main.o

.debug_str      0x00000000     0x1417
 *(.debug_str)
 .debug_str     0x00000000      0x2af FreeRTOS_Source/source/list.o
                                0x2ee (size before relaxing)
 .debug_str     0x000002af       0xde FreeRTOS_Source/source/portable/heap_1.o
                                0x268 (size before relaxing)
 .debug_str     0x0000038d      0x133 FreeRTOS_Source/source/portable/port.o
                                0x2e4 (size before relaxing)
 .debug_str     0x000004c0      0x569 FreeRTOS_Source/source/queue.o
                                0x848 (size before relaxing)
 .debug_str     0x00000a29      0x832 FreeRTOS_Source/source/tasks.o
                                0xcc0 (size before relaxing)
 .debug_str     0x0000125b      0x1bc main.o
                                0x45c (size before relaxing)

.debug_loc      0x00000000     0x430b
 *(.debug_loc)
 .debug_loc     0x00000000      0x145 FreeRTOS_Source/source/list.o
 .debug_loc     0x00000145       0xf1 FreeRTOS_Source/source/portable/heap_1.o
 .debug_loc     0x00000236      0x293 FreeRTOS_Source/source/portable/port.o
 .debug_loc     0x000004c9     0x1c7c FreeRTOS_Source/source/queue.o
 .debug_loc     0x00002145     0x1ea4 FreeRTOS_Source/source/tasks.o
 .debug_loc     0x00003fe9      0x322 main.o

.debug_macinfo
 *(.debug_macinfo)

.debug_weaknames
 *(.debug_weaknames)

.debug_funcnames
 *(.debug_funcnames)

.debug_typenames
 *(.debug_typenames)

.debug_varnames
 *(.debug_varnames)

.debug_pubtypes
 *(.debug_pubtypes)

.debug_ranges   0x00000000      0x3e8
 *(.debug_ranges)
 .debug_ranges  0x00000000       0x30 FreeRTOS_Source/source/list.o
 .debug_ranges  0x00000030       0x28 FreeRTOS_Source/source/portable/heap_1.o
 .debug_ranges  0x00000058       0x38 FreeRTOS_Source/source/portable/port.o
 .debug_ranges  0x00000090      0x128 FreeRTOS_Source/source/queue.o
 .debug_ranges  0x000001b8      0x1a8 FreeRTOS_Source/source/tasks.o
 .debug_ranges  0x00000360       0x88 main.o

.debug_macro
 *(.debug_macro)
OUTPUT(ArduinoFreeRTOS.elf elf32-avr)
LOAD linker stubs
