Archive member included to satisfy reference by file (symbol)

c:/program files (x86)/atmel/studio/7.0/toolchain/avr8/avr8-gnu-toolchain/bin/../lib/gcc/avr/5.4.0/../../../../avr/lib/avr5\libm.a(addsf3.o)
                              main.o (__subsf3)
c:/program files (x86)/atmel/studio/7.0/toolchain/avr8/avr8-gnu-toolchain/bin/../lib/gcc/avr/5.4.0/../../../../avr/lib/avr5\libm.a(addsf3x.o)
                              c:/program files (x86)/atmel/studio/7.0/toolchain/avr8/avr8-gnu-toolchain/bin/../lib/gcc/avr/5.4.0/../../../../avr/lib/avr5\libm.a(addsf3.o) (__addsf3x)
c:/program files (x86)/atmel/studio/7.0/toolchain/avr8/avr8-gnu-toolchain/bin/../lib/gcc/avr/5.4.0/../../../../avr/lib/avr5\libm.a(divsf3.o)
                              main.o (__divsf3)
c:/program files (x86)/atmel/studio/7.0/toolchain/avr8/avr8-gnu-toolchain/bin/../lib/gcc/avr/5.4.0/../../../../avr/lib/avr5\libm.a(divsf3x.o)
                              c:/program files (x86)/atmel/studio/7.0/toolchain/avr8/avr8-gnu-toolchain/bin/../lib/gcc/avr/5.4.0/../../../../avr/lib/avr5\libm.a(divsf3.o) (__divsf3x)
c:/program files (x86)/atmel/studio/7.0/toolchain/avr8/avr8-gnu-toolchain/bin/../lib/gcc/avr/5.4.0/../../../../avr/lib/avr5\libm.a(fixunssfsi.o)
                              main.o (__fixunssfsi)
c:/program files (x86)/atmel/studio/7.0/toolchain/avr8/avr8-gnu-toolchain/bin/../lib/gcc/avr/5.4.0/../../../../avr/lib/avr5\libm.a(floatsisf.o)
                              main.o (__floatsisf)
c:/program files (x86)/atmel/studio/7.0/toolchain/avr8/avr8-gnu-toolchain/bin/../lib/gcc/avr/5.4.0/../../../../avr/lib/avr5\libm.a(fp_inf.o)
                              c:/program files (x86)/atmel/studio/7.0/toolchain/avr8/avr8-gnu-toolchain/bin/../lib/gcc/avr/5.4.0/../../../../avr/lib/avr5\libm.a(addsf3x.o) (__fp_inf)
c:/program files (x86)/atmel/studio/7.0/toolchain/avr8/avr8-gnu-toolchain/bin/../lib/gcc/avr/5.4.0/../../../../avr/lib/avr5\libm.a(fp_nan.o)
                              c:/program files (x86)/atmel/studio/7.0/toolchain/avr8/avr8-gnu-toolchain/bin/../lib/gcc/avr/5.4.0/../../../../avr/lib/avr5\libm.a(addsf3x.o) (__fp_nan)
c:/program files (x86)/atmel/studio/7.0/toolchain/avr8/avr8-gnu-toolchain/bin/../lib/gcc/avr/5.4.0/../../../../avr/lib/avr5\libm.a(fp_pscA.o)
                              c:/program files (x86)/atmel/studio/7.0/toolchain/avr8/avr8-gnu-toolchain/bin/../lib/gcc/avr/5.4.0/../../../../avr/lib/avr5\libm.a(addsf3x.o) (__fp_pscA)
c:/program files (x86)/atmel/studio/7.0/toolchain/avr8/avr8-gnu-toolchain/bin/../lib/gcc/avr/5.4.0/../../../../avr/lib/avr5\libm.a(fp_pscB.o)
                              c:/program files (x86)/atmel/studio/7.0/toolchain/avr8/avr8-gnu-toolchain/bin/../lib/gcc/avr/5.4.0/../../../../avr/lib/avr5\libm.a(addsf3x.o) (__fp_pscB)
c:/program files (x86)/atmel/studio/7.0/toolchain/avr8/avr8-gnu-toolchain/bin/../lib/gcc/avr/5.4.0/../../../../avr/lib/avr5\libm.a(fp_round.o)
                              c:/program files (x86)/atmel/studio/7.0/toolchain/avr8/avr8-gnu-toolchain/bin/../lib/gcc/avr/5.4.0/../../../../avr/lib/avr5\libm.a(addsf3.o) (__fp_round)
c:/program files (x86)/atmel/studio/7.0/toolchain/avr8/avr8-gnu-toolchain/bin/../lib/gcc/avr/5.4.0/../../../../avr/lib/avr5\libm.a(fp_split3.o)
                              c:/program files (x86)/atmel/studio/7.0/toolchain/avr8/avr8-gnu-toolchain/bin/../lib/gcc/avr/5.4.0/../../../../avr/lib/avr5\libm.a(addsf3x.o) (__fp_split3)
c:/program files (x86)/atmel/studio/7.0/toolchain/avr8/avr8-gnu-toolchain/bin/../lib/gcc/avr/5.4.0/../../../../avr/lib/avr5\libm.a(fp_zero.o)
                              c:/program files (x86)/atmel/studio/7.0/toolchain/avr8/avr8-gnu-toolchain/bin/../lib/gcc/avr/5.4.0/../../../../avr/lib/avr5\libm.a(addsf3x.o) (__fp_zero)
c:/program files (x86)/atmel/studio/7.0/toolchain/avr8/avr8-gnu-toolchain/bin/../lib/gcc/avr/5.4.0/../../../../avr/lib/avr5\libm.a(gesf2.o)
                              main.o (__gesf2)
c:/program files (x86)/atmel/studio/7.0/toolchain/avr8/avr8-gnu-toolchain/bin/../lib/gcc/avr/5.4.0/../../../../avr/lib/avr5\libm.a(mulsf3.o)
                              main.o (__mulsf3)
c:/program files (x86)/atmel/studio/7.0/toolchain/avr8/avr8-gnu-toolchain/bin/../lib/gcc/avr/5.4.0/../../../../avr/lib/avr5\libm.a(mulsf3x.o)
                              c:/program files (x86)/atmel/studio/7.0/toolchain/avr8/avr8-gnu-toolchain/bin/../lib/gcc/avr/5.4.0/../../../../avr/lib/avr5\libm.a(mulsf3.o) (__mulsf3x)
c:/program files (x86)/atmel/studio/7.0/toolchain/avr8/avr8-gnu-toolchain/bin/../lib/gcc/avr/5.4.0/../../../../avr/lib/avr5\libm.a(fp_cmp.o)
                              c:/program files (x86)/atmel/studio/7.0/toolchain/avr8/avr8-gnu-toolchain/bin/../lib/gcc/avr/5.4.0/../../../../avr/lib/avr5\libm.a(gesf2.o) (__fp_cmp)
c:/program files (x86)/atmel/studio/7.0/toolchain/avr8/avr8-gnu-toolchain/bin/../lib/gcc/avr/5.4.0/avr5\libgcc.a(_exit.o)
                              C:/Program Files (x86)/Atmel/Studio/7.0/Packs/atmel/ATmega_DFP/1.0.106/gcc/dev/atmega328p/avr5/crtatmega328p.o (exit)
c:/program files (x86)/atmel/studio/7.0/toolchain/avr8/avr8-gnu-toolchain/bin/../lib/gcc/avr/5.4.0/avr5\libgcc.a(_tablejump2.o)
                              FreeRTOS_Source/source/timers.o (__tablejump2__)
c:/program files (x86)/atmel/studio/7.0/toolchain/avr8/avr8-gnu-toolchain/bin/../lib/gcc/avr/5.4.0/avr5\libgcc.a(_copy_data.o)
                              FreeRTOS_Source/source/tasks.o (__do_copy_data)
c:/program files (x86)/atmel/studio/7.0/toolchain/avr8/avr8-gnu-toolchain/bin/../lib/gcc/avr/5.4.0/avr5\libgcc.a(_clear_bss.o)
                              FreeRTOS_Source/source/croutine.o (__do_clear_bss)
c:/program files (x86)/atmel/studio/7.0/toolchain/avr8/avr8-gnu-toolchain/bin/../lib/gcc/avr/5.4.0/avr5\libgcc.a(_umulhisi3.o)
                              main.o (__umulhisi3)
c:/program files (x86)/atmel/studio/7.0/toolchain/avr8/avr8-gnu-toolchain/bin/../lib/gcc/avr/5.4.0/../../../../avr/lib/avr5\libc.a(malloc.o)
                              main.o (malloc)
c:/program files (x86)/atmel/studio/7.0/toolchain/avr8/avr8-gnu-toolchain/bin/../lib/gcc/avr/5.4.0/../../../../avr/lib/avr5\libc.a(memcpy.o)
                              FreeRTOS_Source/source/queue.o (memcpy)

Allocating common symbols
Common symbol       size              file

stateBuzzer         0x1               main.o
xTimerReadings      0x2               main.o
xQueueRegistry      0x4               FreeRTOS_Source/source/queue.o
temperature         0x4               main.o
__brkval            0x2               c:/program files (x86)/atmel/studio/7.0/toolchain/avr8/avr8-gnu-toolchain/bin/../lib/gcc/avr/5.4.0/../../../../avr/lib/avr5\libc.a(malloc.o)
xQueueTemperatureSendings
                    0x2               main.o
temperatureSendTaskHandle
                    0x2               main.o
AirSendTaskHandle   0x2               main.o
air                 0x4               main.o
xSemaphoreADC       0x2               main.o
serialFromISRTaskHandle
                    0x2               main.o
AirReadTaskHandle   0x2               main.o
xCharQueue          0x2               main.o
temperatureReadTaskHandle
                    0x2               main.o
__flp               0x2               c:/program files (x86)/atmel/studio/7.0/toolchain/avr8/avr8-gnu-toolchain/bin/../lib/gcc/avr/5.4.0/../../../../avr/lib/avr5\libc.a(malloc.o)
xQueueAirSendings   0x2               main.o
alarmState          0x1               main.o
stateFan            0x1               main.o

Discarded input sections

 .data          0x00000000        0x0 C:/Program Files (x86)/Atmel/Studio/7.0/Packs/atmel/ATmega_DFP/1.0.106/gcc/dev/atmega328p/avr5/crtatmega328p.o
 .bss           0x00000000        0x0 C:/Program Files (x86)/Atmel/Studio/7.0/Packs/atmel/ATmega_DFP/1.0.106/gcc/dev/atmega328p/avr5/crtatmega328p.o
 .text          0x00000000        0x0 FreeRTOS_Source/source/croutine.o
 .data          0x00000000        0x0 FreeRTOS_Source/source/croutine.o
 .bss           0x00000000        0x0 FreeRTOS_Source/source/croutine.o
 .text.xCoRoutineCreate
                0x00000000       0xf0 FreeRTOS_Source/source/croutine.o
 .text.vCoRoutineAddToDelayedList
                0x00000000       0x86 FreeRTOS_Source/source/croutine.o
 .text.vCoRoutineSchedule
                0x00000000      0x274 FreeRTOS_Source/source/croutine.o
 .text.xCoRoutineRemoveFromEventList
                0x00000000       0x4a FreeRTOS_Source/source/croutine.o
 .bss.xPassedTicks
                0x00000000        0x2 FreeRTOS_Source/source/croutine.o
 .bss.xLastTickCount
                0x00000000        0x2 FreeRTOS_Source/source/croutine.o
 .bss.xCoRoutineTickCount
                0x00000000        0x2 FreeRTOS_Source/source/croutine.o
 .bss.uxTopCoRoutineReadyPriority
                0x00000000        0x1 FreeRTOS_Source/source/croutine.o
 .bss.pxCurrentCoRoutine
                0x00000000        0x2 FreeRTOS_Source/source/croutine.o
 .bss.xPendingReadyCoRoutineList
                0x00000000        0x9 FreeRTOS_Source/source/croutine.o
 .bss.pxOverflowDelayedCoRoutineList
                0x00000000        0x2 FreeRTOS_Source/source/croutine.o
 .bss.pxDelayedCoRoutineList
                0x00000000        0x2 FreeRTOS_Source/source/croutine.o
 .bss.xDelayedCoRoutineList2
                0x00000000        0x9 FreeRTOS_Source/source/croutine.o
 .bss.xDelayedCoRoutineList1
                0x00000000        0x9 FreeRTOS_Source/source/croutine.o
 .bss.pxReadyCoRoutineLists
                0x00000000       0x12 FreeRTOS_Source/source/croutine.o
 .debug_info    0x00000000      0x77d FreeRTOS_Source/source/croutine.o
 .debug_abbrev  0x00000000      0x22b FreeRTOS_Source/source/croutine.o
 .debug_loc     0x00000000      0x3eb FreeRTOS_Source/source/croutine.o
 .debug_aranges
                0x00000000       0x38 FreeRTOS_Source/source/croutine.o
 .debug_ranges  0x00000000       0x28 FreeRTOS_Source/source/croutine.o
 .debug_line    0x00000000      0x33b FreeRTOS_Source/source/croutine.o
 .debug_str     0x00000000      0x574 FreeRTOS_Source/source/croutine.o
 .comment       0x00000000       0x31 FreeRTOS_Source/source/croutine.o
 .debug_frame   0x00000000       0xc0 FreeRTOS_Source/source/croutine.o
 .text          0x00000000        0x0 FreeRTOS_Source/source/event_groups.o
 .data          0x00000000        0x0 FreeRTOS_Source/source/event_groups.o
 .bss           0x00000000        0x0 FreeRTOS_Source/source/event_groups.o
 .text.xEventGroupCreate
                0x00000000       0x26 FreeRTOS_Source/source/event_groups.o
 .text.xEventGroupWaitBits
                0x00000000      0x110 FreeRTOS_Source/source/event_groups.o
 .text.xEventGroupClearBits
                0x00000000       0x1e FreeRTOS_Source/source/event_groups.o
 .text.xEventGroupGetBitsFromISR
                0x00000000        0x8 FreeRTOS_Source/source/event_groups.o
 .text.xEventGroupSetBits
                0x00000000       0xdc FreeRTOS_Source/source/event_groups.o
 .text.xEventGroupSync
                0x00000000       0xd2 FreeRTOS_Source/source/event_groups.o
 .text.vEventGroupDelete
                0x00000000       0x32 FreeRTOS_Source/source/event_groups.o
 .text.vEventGroupSetBitsCallback
                0x00000000        0x8 FreeRTOS_Source/source/event_groups.o
 .text.vEventGroupClearBitsCallback
                0x00000000        0x8 FreeRTOS_Source/source/event_groups.o
 .debug_info    0x00000000      0x8ed FreeRTOS_Source/source/event_groups.o
 .debug_abbrev  0x00000000      0x205 FreeRTOS_Source/source/event_groups.o
 .debug_loc     0x00000000      0xb40 FreeRTOS_Source/source/event_groups.o
 .debug_aranges
                0x00000000       0x60 FreeRTOS_Source/source/event_groups.o
 .debug_ranges  0x00000000       0x68 FreeRTOS_Source/source/event_groups.o
 .debug_line    0x00000000      0x3c6 FreeRTOS_Source/source/event_groups.o
 .debug_str     0x00000000      0x5c4 FreeRTOS_Source/source/event_groups.o
 .comment       0x00000000       0x31 FreeRTOS_Source/source/event_groups.o
 .debug_frame   0x00000000      0x158 FreeRTOS_Source/source/event_groups.o
 .text          0x00000000        0x0 FreeRTOS_Source/source/list.o
 .data          0x00000000        0x0 FreeRTOS_Source/source/list.o
 .bss           0x00000000        0x0 FreeRTOS_Source/source/list.o
 .text          0x00000000        0x0 FreeRTOS_Source/source/portable/heap_1.o
 .data          0x00000000        0x0 FreeRTOS_Source/source/portable/heap_1.o
 .bss           0x00000000        0x0 FreeRTOS_Source/source/portable/heap_1.o
 .text.vPortInitialiseBlocks
                0x00000000        0xa FreeRTOS_Source/source/portable/heap_1.o
 .text.xPortGetFreeHeapSize
                0x00000000       0x12 FreeRTOS_Source/source/portable/heap_1.o
 .text          0x00000000        0x0 FreeRTOS_Source/source/portable/port.o
 .data          0x00000000        0x0 FreeRTOS_Source/source/portable/port.o
 .bss           0x00000000        0x0 FreeRTOS_Source/source/portable/port.o
 .text.vPortEndScheduler
                0x00000000        0x2 FreeRTOS_Source/source/portable/port.o
 .text          0x00000000        0x0 FreeRTOS_Source/source/queue.o
 .data          0x00000000        0x0 FreeRTOS_Source/source/queue.o
 .bss           0x00000000        0x0 FreeRTOS_Source/source/queue.o
 .text.xQueueGiveFromISR
                0x00000000       0x52 FreeRTOS_Source/source/queue.o
 .text.xQueueReceiveFromISR
                0x00000000       0x6e FreeRTOS_Source/source/queue.o
 .text.xQueuePeekFromISR
                0x00000000       0x2e FreeRTOS_Source/source/queue.o
 .text.uxQueueMessagesWaiting
                0x00000000       0x10 FreeRTOS_Source/source/queue.o
 .text.uxQueueSpacesAvailable
                0x00000000       0x14 FreeRTOS_Source/source/queue.o
 .text.uxQueueMessagesWaitingFromISR
                0x00000000        0x6 FreeRTOS_Source/source/queue.o
 .text.xQueueIsQueueEmptyFromISR
                0x00000000        0xc FreeRTOS_Source/source/queue.o
 .text.xQueueIsQueueFullFromISR
                0x00000000        0xe FreeRTOS_Source/source/queue.o
 .text.xQueueCRSend
                0x00000000       0x72 FreeRTOS_Source/source/queue.o
 .text.xQueueCRReceive
                0x00000000       0x92 FreeRTOS_Source/source/queue.o
 .text.xQueueCRSendFromISR
                0x00000000       0x48 FreeRTOS_Source/source/queue.o
 .text.xQueueCRReceiveFromISR
                0x00000000       0x82 FreeRTOS_Source/source/queue.o
 .text.pcQueueGetName
                0x00000000       0x1e FreeRTOS_Source/source/queue.o
 .text.vQueueUnregisterQueue
                0x00000000       0x1c FreeRTOS_Source/source/queue.o
 .text.vQueueDelete
                0x00000000       0x16 FreeRTOS_Source/source/queue.o
 .text          0x00000000        0x0 FreeRTOS_Source/source/tasks.o
 .data          0x00000000        0x0 FreeRTOS_Source/source/tasks.o
 .bss           0x00000000        0x0 FreeRTOS_Source/source/tasks.o
 .text.vTaskDelete
                0x00000000       0xaa FreeRTOS_Source/source/tasks.o
 .text.uxTaskPriorityGet
                0x00000000       0x1c FreeRTOS_Source/source/tasks.o
 .text.uxTaskPriorityGetFromISR
                0x00000000       0x12 FreeRTOS_Source/source/tasks.o
 .text.vTaskPrioritySet
                0x00000000       0xf0 FreeRTOS_Source/source/tasks.o
 .text.xTaskResumeFromISR
                0x00000000       0xae FreeRTOS_Source/source/tasks.o
 .text.vTaskEndScheduler
                0x00000000        0xc FreeRTOS_Source/source/tasks.o
 .text.xTaskGetTickCountFromISR
                0x00000000        0xa FreeRTOS_Source/source/tasks.o
 .text.uxTaskGetNumberOfTasks
                0x00000000        0x6 FreeRTOS_Source/source/tasks.o
 .text.pcTaskGetName
                0x00000000       0x10 FreeRTOS_Source/source/tasks.o
 .text.vTaskDelayUntil
                0x00000000       0x7c FreeRTOS_Source/source/tasks.o
 .text.vTaskPlaceOnUnorderedEventList
                0x00000000       0x32 FreeRTOS_Source/source/tasks.o
 .text.xTaskRemoveFromUnorderedEventList
                0x00000000       0x74 FreeRTOS_Source/source/tasks.o
 .text.uxTaskResetEventItemValue
                0x00000000       0x2e FreeRTOS_Source/source/tasks.o
 .text.ulTaskNotifyTake
                0x00000000       0xae FreeRTOS_Source/source/tasks.o
 .text.xTaskNotifyWait
                0x00000000      0x108 FreeRTOS_Source/source/tasks.o
 .text.xTaskGenericNotify
                0x00000000       0xfc FreeRTOS_Source/source/tasks.o
 .text.xTaskGenericNotifyFromISR
                0x00000000      0x122 FreeRTOS_Source/source/tasks.o
 .text.vTaskNotifyGiveFromISR
                0x00000000       0xb6 FreeRTOS_Source/source/tasks.o
 .text.xTaskNotifyStateClear
                0x00000000       0x28 FreeRTOS_Source/source/tasks.o
 .text          0x00000000        0x0 FreeRTOS_Source/source/timers.o
 .data          0x00000000        0x0 FreeRTOS_Source/source/timers.o
 .bss           0x00000000        0x0 FreeRTOS_Source/source/timers.o
 .text.xTimerGetTimerDaemonTaskHandle
                0x00000000        0xa FreeRTOS_Source/source/timers.o
 .text.xTimerGetPeriod
                0x00000000        0x8 FreeRTOS_Source/source/timers.o
 .text.xTimerGetExpiryTime
                0x00000000        0x8 FreeRTOS_Source/source/timers.o
 .text.pcTimerGetName
                0x00000000        0x8 FreeRTOS_Source/source/timers.o
 .text.xTimerIsTimerActive
                0x00000000       0x1a FreeRTOS_Source/source/timers.o
 .text.pvTimerGetTimerID
                0x00000000       0x12 FreeRTOS_Source/source/timers.o
 .text.vTimerSetTimerID
                0x00000000       0x12 FreeRTOS_Source/source/timers.o
 .text          0x00000000        0x0 main.o
 .data          0x00000000        0x0 main.o
 .bss           0x00000000        0x0 main.o
 .text          0x00000000        0x0 c:/program files (x86)/atmel/studio/7.0/toolchain/avr8/avr8-gnu-toolchain/bin/../lib/gcc/avr/5.4.0/../../../../avr/lib/avr5\libm.a(addsf3.o)
 .data          0x00000000        0x0 c:/program files (x86)/atmel/studio/7.0/toolchain/avr8/avr8-gnu-toolchain/bin/../lib/gcc/avr/5.4.0/../../../../avr/lib/avr5\libm.a(addsf3.o)
 .bss           0x00000000        0x0 c:/program files (x86)/atmel/studio/7.0/toolchain/avr8/avr8-gnu-toolchain/bin/../lib/gcc/avr/5.4.0/../../../../avr/lib/avr5\libm.a(addsf3.o)
 .text          0x00000000        0x0 c:/program files (x86)/atmel/studio/7.0/toolchain/avr8/avr8-gnu-toolchain/bin/../lib/gcc/avr/5.4.0/../../../../avr/lib/avr5\libm.a(addsf3x.o)
 .data          0x00000000        0x0 c:/program files (x86)/atmel/studio/7.0/toolchain/avr8/avr8-gnu-toolchain/bin/../lib/gcc/avr/5.4.0/../../../../avr/lib/avr5\libm.a(addsf3x.o)
 .bss           0x00000000        0x0 c:/program files (x86)/atmel/studio/7.0/toolchain/avr8/avr8-gnu-toolchain/bin/../lib/gcc/avr/5.4.0/../../../../avr/lib/avr5\libm.a(addsf3x.o)
 .text          0x00000000        0x0 c:/program files (x86)/atmel/studio/7.0/toolchain/avr8/avr8-gnu-toolchain/bin/../lib/gcc/avr/5.4.0/../../../../avr/lib/avr5\libm.a(divsf3.o)
 .data          0x00000000        0x0 c:/program files (x86)/atmel/studio/7.0/toolchain/avr8/avr8-gnu-toolchain/bin/../lib/gcc/avr/5.4.0/../../../../avr/lib/avr5\libm.a(divsf3.o)
 .bss           0x00000000        0x0 c:/program files (x86)/atmel/studio/7.0/toolchain/avr8/avr8-gnu-toolchain/bin/../lib/gcc/avr/5.4.0/../../../../avr/lib/avr5\libm.a(divsf3.o)
 .text          0x00000000        0x0 c:/program files (x86)/atmel/studio/7.0/toolchain/avr8/avr8-gnu-toolchain/bin/../lib/gcc/avr/5.4.0/../../../../avr/lib/avr5\libm.a(divsf3x.o)
 .data          0x00000000        0x0 c:/program files (x86)/atmel/studio/7.0/toolchain/avr8/avr8-gnu-toolchain/bin/../lib/gcc/avr/5.4.0/../../../../avr/lib/avr5\libm.a(divsf3x.o)
 .bss           0x00000000        0x0 c:/program files (x86)/atmel/studio/7.0/toolchain/avr8/avr8-gnu-toolchain/bin/../lib/gcc/avr/5.4.0/../../../../avr/lib/avr5\libm.a(divsf3x.o)
 .text          0x00000000        0x0 c:/program files (x86)/atmel/studio/7.0/toolchain/avr8/avr8-gnu-toolchain/bin/../lib/gcc/avr/5.4.0/../../../../avr/lib/avr5\libm.a(fixunssfsi.o)
 .data          0x00000000        0x0 c:/program files (x86)/atmel/studio/7.0/toolchain/avr8/avr8-gnu-toolchain/bin/../lib/gcc/avr/5.4.0/../../../../avr/lib/avr5\libm.a(fixunssfsi.o)
 .bss           0x00000000        0x0 c:/program files (x86)/atmel/studio/7.0/toolchain/avr8/avr8-gnu-toolchain/bin/../lib/gcc/avr/5.4.0/../../../../avr/lib/avr5\libm.a(fixunssfsi.o)
 .text          0x00000000        0x0 c:/program files (x86)/atmel/studio/7.0/toolchain/avr8/avr8-gnu-toolchain/bin/../lib/gcc/avr/5.4.0/../../../../avr/lib/avr5\libm.a(floatsisf.o)
 .data          0x00000000        0x0 c:/program files (x86)/atmel/studio/7.0/toolchain/avr8/avr8-gnu-toolchain/bin/../lib/gcc/avr/5.4.0/../../../../avr/lib/avr5\libm.a(floatsisf.o)
 .bss           0x00000000        0x0 c:/program files (x86)/atmel/studio/7.0/toolchain/avr8/avr8-gnu-toolchain/bin/../lib/gcc/avr/5.4.0/../../../../avr/lib/avr5\libm.a(floatsisf.o)
 .text          0x00000000        0x0 c:/program files (x86)/atmel/studio/7.0/toolchain/avr8/avr8-gnu-toolchain/bin/../lib/gcc/avr/5.4.0/../../../../avr/lib/avr5\libm.a(fp_inf.o)
 .data          0x00000000        0x0 c:/program files (x86)/atmel/studio/7.0/toolchain/avr8/avr8-gnu-toolchain/bin/../lib/gcc/avr/5.4.0/../../../../avr/lib/avr5\libm.a(fp_inf.o)
 .bss           0x00000000        0x0 c:/program files (x86)/atmel/studio/7.0/toolchain/avr8/avr8-gnu-toolchain/bin/../lib/gcc/avr/5.4.0/../../../../avr/lib/avr5\libm.a(fp_inf.o)
 .text          0x00000000        0x0 c:/program files (x86)/atmel/studio/7.0/toolchain/avr8/avr8-gnu-toolchain/bin/../lib/gcc/avr/5.4.0/../../../../avr/lib/avr5\libm.a(fp_nan.o)
 .data          0x00000000        0x0 c:/program files (x86)/atmel/studio/7.0/toolchain/avr8/avr8-gnu-toolchain/bin/../lib/gcc/avr/5.4.0/../../../../avr/lib/avr5\libm.a(fp_nan.o)
 .bss           0x00000000        0x0 c:/program files (x86)/atmel/studio/7.0/toolchain/avr8/avr8-gnu-toolchain/bin/../lib/gcc/avr/5.4.0/../../../../avr/lib/avr5\libm.a(fp_nan.o)
 .text          0x00000000        0x0 c:/program files (x86)/atmel/studio/7.0/toolchain/avr8/avr8-gnu-toolchain/bin/../lib/gcc/avr/5.4.0/../../../../avr/lib/avr5\libm.a(fp_pscA.o)
 .data          0x00000000        0x0 c:/program files (x86)/atmel/studio/7.0/toolchain/avr8/avr8-gnu-toolchain/bin/../lib/gcc/avr/5.4.0/../../../../avr/lib/avr5\libm.a(fp_pscA.o)
 .bss           0x00000000        0x0 c:/program files (x86)/atmel/studio/7.0/toolchain/avr8/avr8-gnu-toolchain/bin/../lib/gcc/avr/5.4.0/../../../../avr/lib/avr5\libm.a(fp_pscA.o)
 .text          0x00000000        0x0 c:/program files (x86)/atmel/studio/7.0/toolchain/avr8/avr8-gnu-toolchain/bin/../lib/gcc/avr/5.4.0/../../../../avr/lib/avr5\libm.a(fp_pscB.o)
 .data          0x00000000        0x0 c:/program files (x86)/atmel/studio/7.0/toolchain/avr8/avr8-gnu-toolchain/bin/../lib/gcc/avr/5.4.0/../../../../avr/lib/avr5\libm.a(fp_pscB.o)
 .bss           0x00000000        0x0 c:/program files (x86)/atmel/studio/7.0/toolchain/avr8/avr8-gnu-toolchain/bin/../lib/gcc/avr/5.4.0/../../../../avr/lib/avr5\libm.a(fp_pscB.o)
 .text          0x00000000        0x0 c:/program files (x86)/atmel/studio/7.0/toolchain/avr8/avr8-gnu-toolchain/bin/../lib/gcc/avr/5.4.0/../../../../avr/lib/avr5\libm.a(fp_round.o)
 .data          0x00000000        0x0 c:/program files (x86)/atmel/studio/7.0/toolchain/avr8/avr8-gnu-toolchain/bin/../lib/gcc/avr/5.4.0/../../../../avr/lib/avr5\libm.a(fp_round.o)
 .bss           0x00000000        0x0 c:/program files (x86)/atmel/studio/7.0/toolchain/avr8/avr8-gnu-toolchain/bin/../lib/gcc/avr/5.4.0/../../../../avr/lib/avr5\libm.a(fp_round.o)
 .text          0x00000000        0x0 c:/program files (x86)/atmel/studio/7.0/toolchain/avr8/avr8-gnu-toolchain/bin/../lib/gcc/avr/5.4.0/../../../../avr/lib/avr5\libm.a(fp_split3.o)
 .data          0x00000000        0x0 c:/program files (x86)/atmel/studio/7.0/toolchain/avr8/avr8-gnu-toolchain/bin/../lib/gcc/avr/5.4.0/../../../../avr/lib/avr5\libm.a(fp_split3.o)
 .bss           0x00000000        0x0 c:/program files (x86)/atmel/studio/7.0/toolchain/avr8/avr8-gnu-toolchain/bin/../lib/gcc/avr/5.4.0/../../../../avr/lib/avr5\libm.a(fp_split3.o)
 .text          0x00000000        0x0 c:/program files (x86)/atmel/studio/7.0/toolchain/avr8/avr8-gnu-toolchain/bin/../lib/gcc/avr/5.4.0/../../../../avr/lib/avr5\libm.a(fp_zero.o)
 .data          0x00000000        0x0 c:/program files (x86)/atmel/studio/7.0/toolchain/avr8/avr8-gnu-toolchain/bin/../lib/gcc/avr/5.4.0/../../../../avr/lib/avr5\libm.a(fp_zero.o)
 .bss           0x00000000        0x0 c:/program files (x86)/atmel/studio/7.0/toolchain/avr8/avr8-gnu-toolchain/bin/../lib/gcc/avr/5.4.0/../../../../avr/lib/avr5\libm.a(fp_zero.o)
 .text          0x00000000        0x0 c:/program files (x86)/atmel/studio/7.0/toolchain/avr8/avr8-gnu-toolchain/bin/../lib/gcc/avr/5.4.0/../../../../avr/lib/avr5\libm.a(gesf2.o)
 .data          0x00000000        0x0 c:/program files (x86)/atmel/studio/7.0/toolchain/avr8/avr8-gnu-toolchain/bin/../lib/gcc/avr/5.4.0/../../../../avr/lib/avr5\libm.a(gesf2.o)
 .bss           0x00000000        0x0 c:/program files (x86)/atmel/studio/7.0/toolchain/avr8/avr8-gnu-toolchain/bin/../lib/gcc/avr/5.4.0/../../../../avr/lib/avr5\libm.a(gesf2.o)
 .text          0x00000000        0x0 c:/program files (x86)/atmel/studio/7.0/toolchain/avr8/avr8-gnu-toolchain/bin/../lib/gcc/avr/5.4.0/../../../../avr/lib/avr5\libm.a(mulsf3.o)
 .data          0x00000000        0x0 c:/program files (x86)/atmel/studio/7.0/toolchain/avr8/avr8-gnu-toolchain/bin/../lib/gcc/avr/5.4.0/../../../../avr/lib/avr5\libm.a(mulsf3.o)
 .bss           0x00000000        0x0 c:/program files (x86)/atmel/studio/7.0/toolchain/avr8/avr8-gnu-toolchain/bin/../lib/gcc/avr/5.4.0/../../../../avr/lib/avr5\libm.a(mulsf3.o)
 .text          0x00000000        0x0 c:/program files (x86)/atmel/studio/7.0/toolchain/avr8/avr8-gnu-toolchain/bin/../lib/gcc/avr/5.4.0/../../../../avr/lib/avr5\libm.a(mulsf3x.o)
 .data          0x00000000        0x0 c:/program files (x86)/atmel/studio/7.0/toolchain/avr8/avr8-gnu-toolchain/bin/../lib/gcc/avr/5.4.0/../../../../avr/lib/avr5\libm.a(mulsf3x.o)
 .bss           0x00000000        0x0 c:/program files (x86)/atmel/studio/7.0/toolchain/avr8/avr8-gnu-toolchain/bin/../lib/gcc/avr/5.4.0/../../../../avr/lib/avr5\libm.a(mulsf3x.o)
 .text          0x00000000        0x0 c:/program files (x86)/atmel/studio/7.0/toolchain/avr8/avr8-gnu-toolchain/bin/../lib/gcc/avr/5.4.0/../../../../avr/lib/avr5\libm.a(fp_cmp.o)
 .data          0x00000000        0x0 c:/program files (x86)/atmel/studio/7.0/toolchain/avr8/avr8-gnu-toolchain/bin/../lib/gcc/avr/5.4.0/../../../../avr/lib/avr5\libm.a(fp_cmp.o)
 .bss           0x00000000        0x0 c:/program files (x86)/atmel/studio/7.0/toolchain/avr8/avr8-gnu-toolchain/bin/../lib/gcc/avr/5.4.0/../../../../avr/lib/avr5\libm.a(fp_cmp.o)
 .text          0x00000000        0x0 c:/program files (x86)/atmel/studio/7.0/toolchain/avr8/avr8-gnu-toolchain/bin/../lib/gcc/avr/5.4.0/avr5\libgcc.a(_exit.o)
 .data          0x00000000        0x0 c:/program files (x86)/atmel/studio/7.0/toolchain/avr8/avr8-gnu-toolchain/bin/../lib/gcc/avr/5.4.0/avr5\libgcc.a(_exit.o)
 .bss           0x00000000        0x0 c:/program files (x86)/atmel/studio/7.0/toolchain/avr8/avr8-gnu-toolchain/bin/../lib/gcc/avr/5.4.0/avr5\libgcc.a(_exit.o)
 .text.libgcc.mul
                0x00000000        0x0 c:/program files (x86)/atmel/studio/7.0/toolchain/avr8/avr8-gnu-toolchain/bin/../lib/gcc/avr/5.4.0/avr5\libgcc.a(_exit.o)
 .text.libgcc.div
                0x00000000        0x0 c:/program files (x86)/atmel/studio/7.0/toolchain/avr8/avr8-gnu-toolchain/bin/../lib/gcc/avr/5.4.0/avr5\libgcc.a(_exit.o)
 .text.libgcc   0x00000000        0x0 c:/program files (x86)/atmel/studio/7.0/toolchain/avr8/avr8-gnu-toolchain/bin/../lib/gcc/avr/5.4.0/avr5\libgcc.a(_exit.o)
 .text.libgcc.prologue
                0x00000000        0x0 c:/program files (x86)/atmel/studio/7.0/toolchain/avr8/avr8-gnu-toolchain/bin/../lib/gcc/avr/5.4.0/avr5\libgcc.a(_exit.o)
 .text.libgcc.builtins
                0x00000000        0x0 c:/program files (x86)/atmel/studio/7.0/toolchain/avr8/avr8-gnu-toolchain/bin/../lib/gcc/avr/5.4.0/avr5\libgcc.a(_exit.o)
 .text.libgcc.fmul
                0x00000000        0x0 c:/program files (x86)/atmel/studio/7.0/toolchain/avr8/avr8-gnu-toolchain/bin/../lib/gcc/avr/5.4.0/avr5\libgcc.a(_exit.o)
 .text.libgcc.fixed
                0x00000000        0x0 c:/program files (x86)/atmel/studio/7.0/toolchain/avr8/avr8-gnu-toolchain/bin/../lib/gcc/avr/5.4.0/avr5\libgcc.a(_exit.o)
 .text          0x00000000        0x0 c:/program files (x86)/atmel/studio/7.0/toolchain/avr8/avr8-gnu-toolchain/bin/../lib/gcc/avr/5.4.0/avr5\libgcc.a(_tablejump2.o)
 .data          0x00000000        0x0 c:/program files (x86)/atmel/studio/7.0/toolchain/avr8/avr8-gnu-toolchain/bin/../lib/gcc/avr/5.4.0/avr5\libgcc.a(_tablejump2.o)
 .bss           0x00000000        0x0 c:/program files (x86)/atmel/studio/7.0/toolchain/avr8/avr8-gnu-toolchain/bin/../lib/gcc/avr/5.4.0/avr5\libgcc.a(_tablejump2.o)
 .text.libgcc.mul
                0x00000000        0x0 c:/program files (x86)/atmel/studio/7.0/toolchain/avr8/avr8-gnu-toolchain/bin/../lib/gcc/avr/5.4.0/avr5\libgcc.a(_tablejump2.o)
 .text.libgcc.div
                0x00000000        0x0 c:/program files (x86)/atmel/studio/7.0/toolchain/avr8/avr8-gnu-toolchain/bin/../lib/gcc/avr/5.4.0/avr5\libgcc.a(_tablejump2.o)
 .text.libgcc.prologue
                0x00000000        0x0 c:/program files (x86)/atmel/studio/7.0/toolchain/avr8/avr8-gnu-toolchain/bin/../lib/gcc/avr/5.4.0/avr5\libgcc.a(_tablejump2.o)
 .text.libgcc.builtins
                0x00000000        0x0 c:/program files (x86)/atmel/studio/7.0/toolchain/avr8/avr8-gnu-toolchain/bin/../lib/gcc/avr/5.4.0/avr5\libgcc.a(_tablejump2.o)
 .text.libgcc.fmul
                0x00000000        0x0 c:/program files (x86)/atmel/studio/7.0/toolchain/avr8/avr8-gnu-toolchain/bin/../lib/gcc/avr/5.4.0/avr5\libgcc.a(_tablejump2.o)
 .text.libgcc.fixed
                0x00000000        0x0 c:/program files (x86)/atmel/studio/7.0/toolchain/avr8/avr8-gnu-toolchain/bin/../lib/gcc/avr/5.4.0/avr5\libgcc.a(_tablejump2.o)
 .text          0x00000000        0x0 c:/program files (x86)/atmel/studio/7.0/toolchain/avr8/avr8-gnu-toolchain/bin/../lib/gcc/avr/5.4.0/avr5\libgcc.a(_copy_data.o)
 .data          0x00000000        0x0 c:/program files (x86)/atmel/studio/7.0/toolchain/avr8/avr8-gnu-toolchain/bin/../lib/gcc/avr/5.4.0/avr5\libgcc.a(_copy_data.o)
 .bss           0x00000000        0x0 c:/program files (x86)/atmel/studio/7.0/toolchain/avr8/avr8-gnu-toolchain/bin/../lib/gcc/avr/5.4.0/avr5\libgcc.a(_copy_data.o)
 .text.libgcc.mul
                0x00000000        0x0 c:/program files (x86)/atmel/studio/7.0/toolchain/avr8/avr8-gnu-toolchain/bin/../lib/gcc/avr/5.4.0/avr5\libgcc.a(_copy_data.o)
 .text.libgcc.div
                0x00000000        0x0 c:/program files (x86)/atmel/studio/7.0/toolchain/avr8/avr8-gnu-toolchain/bin/../lib/gcc/avr/5.4.0/avr5\libgcc.a(_copy_data.o)
 .text.libgcc   0x00000000        0x0 c:/program files (x86)/atmel/studio/7.0/toolchain/avr8/avr8-gnu-toolchain/bin/../lib/gcc/avr/5.4.0/avr5\libgcc.a(_copy_data.o)
 .text.libgcc.prologue
                0x00000000        0x0 c:/program files (x86)/atmel/studio/7.0/toolchain/avr8/avr8-gnu-toolchain/bin/../lib/gcc/avr/5.4.0/avr5\libgcc.a(_copy_data.o)
 .text.libgcc.builtins
                0x00000000        0x0 c:/program files (x86)/atmel/studio/7.0/toolchain/avr8/avr8-gnu-toolchain/bin/../lib/gcc/avr/5.4.0/avr5\libgcc.a(_copy_data.o)
 .text.libgcc.fmul
                0x00000000        0x0 c:/program files (x86)/atmel/studio/7.0/toolchain/avr8/avr8-gnu-toolchain/bin/../lib/gcc/avr/5.4.0/avr5\libgcc.a(_copy_data.o)
 .text.libgcc.fixed
                0x00000000        0x0 c:/program files (x86)/atmel/studio/7.0/toolchain/avr8/avr8-gnu-toolchain/bin/../lib/gcc/avr/5.4.0/avr5\libgcc.a(_copy_data.o)
 .text          0x00000000        0x0 c:/program files (x86)/atmel/studio/7.0/toolchain/avr8/avr8-gnu-toolchain/bin/../lib/gcc/avr/5.4.0/avr5\libgcc.a(_clear_bss.o)
 .data          0x00000000        0x0 c:/program files (x86)/atmel/studio/7.0/toolchain/avr8/avr8-gnu-toolchain/bin/../lib/gcc/avr/5.4.0/avr5\libgcc.a(_clear_bss.o)
 .bss           0x00000000        0x0 c:/program files (x86)/atmel/studio/7.0/toolchain/avr8/avr8-gnu-toolchain/bin/../lib/gcc/avr/5.4.0/avr5\libgcc.a(_clear_bss.o)
 .text.libgcc.mul
                0x00000000        0x0 c:/program files (x86)/atmel/studio/7.0/toolchain/avr8/avr8-gnu-toolchain/bin/../lib/gcc/avr/5.4.0/avr5\libgcc.a(_clear_bss.o)
 .text.libgcc.div
                0x00000000        0x0 c:/program files (x86)/atmel/studio/7.0/toolchain/avr8/avr8-gnu-toolchain/bin/../lib/gcc/avr/5.4.0/avr5\libgcc.a(_clear_bss.o)
 .text.libgcc   0x00000000        0x0 c:/program files (x86)/atmel/studio/7.0/toolchain/avr8/avr8-gnu-toolchain/bin/../lib/gcc/avr/5.4.0/avr5\libgcc.a(_clear_bss.o)
 .text.libgcc.prologue
                0x00000000        0x0 c:/program files (x86)/atmel/studio/7.0/toolchain/avr8/avr8-gnu-toolchain/bin/../lib/gcc/avr/5.4.0/avr5\libgcc.a(_clear_bss.o)
 .text.libgcc.builtins
                0x00000000        0x0 c:/program files (x86)/atmel/studio/7.0/toolchain/avr8/avr8-gnu-toolchain/bin/../lib/gcc/avr/5.4.0/avr5\libgcc.a(_clear_bss.o)
 .text.libgcc.fmul
                0x00000000        0x0 c:/program files (x86)/atmel/studio/7.0/toolchain/avr8/avr8-gnu-toolchain/bin/../lib/gcc/avr/5.4.0/avr5\libgcc.a(_clear_bss.o)
 .text.libgcc.fixed
                0x00000000        0x0 c:/program files (x86)/atmel/studio/7.0/toolchain/avr8/avr8-gnu-toolchain/bin/../lib/gcc/avr/5.4.0/avr5\libgcc.a(_clear_bss.o)
 .text          0x00000000        0x0 c:/program files (x86)/atmel/studio/7.0/toolchain/avr8/avr8-gnu-toolchain/bin/../lib/gcc/avr/5.4.0/avr5\libgcc.a(_umulhisi3.o)
 .data          0x00000000        0x0 c:/program files (x86)/atmel/studio/7.0/toolchain/avr8/avr8-gnu-toolchain/bin/../lib/gcc/avr/5.4.0/avr5\libgcc.a(_umulhisi3.o)
 .bss           0x00000000        0x0 c:/program files (x86)/atmel/studio/7.0/toolchain/avr8/avr8-gnu-toolchain/bin/../lib/gcc/avr/5.4.0/avr5\libgcc.a(_umulhisi3.o)
 .text.libgcc.div
                0x00000000        0x0 c:/program files (x86)/atmel/studio/7.0/toolchain/avr8/avr8-gnu-toolchain/bin/../lib/gcc/avr/5.4.0/avr5\libgcc.a(_umulhisi3.o)
 .text.libgcc   0x00000000        0x0 c:/program files (x86)/atmel/studio/7.0/toolchain/avr8/avr8-gnu-toolchain/bin/../lib/gcc/avr/5.4.0/avr5\libgcc.a(_umulhisi3.o)
 .text.libgcc.prologue
                0x00000000        0x0 c:/program files (x86)/atmel/studio/7.0/toolchain/avr8/avr8-gnu-toolchain/bin/../lib/gcc/avr/5.4.0/avr5\libgcc.a(_umulhisi3.o)
 .text.libgcc.builtins
                0x00000000        0x0 c:/program files (x86)/atmel/studio/7.0/toolchain/avr8/avr8-gnu-toolchain/bin/../lib/gcc/avr/5.4.0/avr5\libgcc.a(_umulhisi3.o)
 .text.libgcc.fmul
                0x00000000        0x0 c:/program files (x86)/atmel/studio/7.0/toolchain/avr8/avr8-gnu-toolchain/bin/../lib/gcc/avr/5.4.0/avr5\libgcc.a(_umulhisi3.o)
 .text.libgcc.fixed
                0x00000000        0x0 c:/program files (x86)/atmel/studio/7.0/toolchain/avr8/avr8-gnu-toolchain/bin/../lib/gcc/avr/5.4.0/avr5\libgcc.a(_umulhisi3.o)
 .text          0x00000000        0x0 c:/program files (x86)/atmel/studio/7.0/toolchain/avr8/avr8-gnu-toolchain/bin/../lib/gcc/avr/5.4.0/../../../../avr/lib/avr5\libc.a(malloc.o)
 .bss           0x00000000        0x0 c:/program files (x86)/atmel/studio/7.0/toolchain/avr8/avr8-gnu-toolchain/bin/../lib/gcc/avr/5.4.0/../../../../avr/lib/avr5\libc.a(malloc.o)
 .text          0x00000000        0x0 c:/program files (x86)/atmel/studio/7.0/toolchain/avr8/avr8-gnu-toolchain/bin/../lib/gcc/avr/5.4.0/../../../../avr/lib/avr5\libc.a(memcpy.o)
 .data          0x00000000        0x0 c:/program files (x86)/atmel/studio/7.0/toolchain/avr8/avr8-gnu-toolchain/bin/../lib/gcc/avr/5.4.0/../../../../avr/lib/avr5\libc.a(memcpy.o)
 .bss           0x00000000        0x0 c:/program files (x86)/atmel/studio/7.0/toolchain/avr8/avr8-gnu-toolchain/bin/../lib/gcc/avr/5.4.0/../../../../avr/lib/avr5\libc.a(memcpy.o)

Memory Configuration

Name             Origin             Length             Attributes
text             0x00000000         0x00020000         xr
data             0x00800060         0x0000ffa0         rw !x
eeprom           0x00810000         0x00010000         rw !x
fuse             0x00820000         0x00000400         rw !x
lock             0x00830000         0x00000400         rw !x
signature        0x00840000         0x00000400         rw !x
user_signatures  0x00850000         0x00000400         rw !x
*default*        0x00000000         0xffffffff

Linker script and memory map

Address of section .data set to 0x800100
LOAD C:/Program Files (x86)/Atmel/Studio/7.0/Packs/atmel/ATmega_DFP/1.0.106/gcc/dev/atmega328p/avr5/crtatmega328p.o
LOAD FreeRTOS_Source/source/croutine.o
LOAD FreeRTOS_Source/source/event_groups.o
LOAD FreeRTOS_Source/source/list.o
LOAD FreeRTOS_Source/source/portable/heap_1.o
LOAD FreeRTOS_Source/source/portable/port.o
LOAD FreeRTOS_Source/source/queue.o
LOAD FreeRTOS_Source/source/tasks.o
LOAD FreeRTOS_Source/source/timers.o
LOAD main.o
START GROUP
LOAD c:/program files (x86)/atmel/studio/7.0/toolchain/avr8/avr8-gnu-toolchain/bin/../lib/gcc/avr/5.4.0/../../../../avr/lib/avr5\libm.a
END GROUP
START GROUP
LOAD c:/program files (x86)/atmel/studio/7.0/toolchain/avr8/avr8-gnu-toolchain/bin/../lib/gcc/avr/5.4.0/avr5\libgcc.a
LOAD c:/program files (x86)/atmel/studio/7.0/toolchain/avr8/avr8-gnu-toolchain/bin/../lib/gcc/avr/5.4.0/../../../../avr/lib/avr5\libm.a
LOAD c:/program files (x86)/atmel/studio/7.0/toolchain/avr8/avr8-gnu-toolchain/bin/../lib/gcc/avr/5.4.0/../../../../avr/lib/avr5\libc.a
LOAD C:/Program Files (x86)/Atmel/Studio/7.0/Packs/atmel/ATmega_DFP/1.0.106/gcc/dev/atmega328p/avr5\libatmega328p.a
END GROUP
                0x00000000                __TEXT_REGION_ORIGIN__ = DEFINED (__TEXT_REGION_ORIGIN__)?__TEXT_REGION_ORIGIN__:0x0
                0x00800060                __DATA_REGION_ORIGIN__ = DEFINED (__DATA_REGION_ORIGIN__)?__DATA_REGION_ORIGIN__:0x800060
                0x00020000                __TEXT_REGION_LENGTH__ = DEFINED (__TEXT_REGION_LENGTH__)?__TEXT_REGION_LENGTH__:0x20000
                0x0000ffa0                __DATA_REGION_LENGTH__ = DEFINED (__DATA_REGION_LENGTH__)?__DATA_REGION_LENGTH__:0xffa0
                0x00010000                __EEPROM_REGION_LENGTH__ = DEFINED (__EEPROM_REGION_LENGTH__)?__EEPROM_REGION_LENGTH__:0x10000
                0x00000400                __FUSE_REGION_LENGTH__ = DEFINED (__FUSE_REGION_LENGTH__)?__FUSE_REGION_LENGTH__:0x400
                0x00000400                __LOCK_REGION_LENGTH__ = DEFINED (__LOCK_REGION_LENGTH__)?__LOCK_REGION_LENGTH__:0x400
                0x00000400                __SIGNATURE_REGION_LENGTH__ = DEFINED (__SIGNATURE_REGION_LENGTH__)?__SIGNATURE_REGION_LENGTH__:0x400
                0x00000400                __USER_SIGNATURE_REGION_LENGTH__ = DEFINED (__USER_SIGNATURE_REGION_LENGTH__)?__USER_SIGNATURE_REGION_LENGTH__:0x400

.hash
 *(.hash)

.dynsym
 *(.dynsym)

.dynstr
 *(.dynstr)

.gnu.version
 *(.gnu.version)

.gnu.version_d
 *(.gnu.version_d)

.gnu.version_r
 *(.gnu.version_r)

.rel.init
 *(.rel.init)

.rela.init
 *(.rela.init)

.rel.text
 *(.rel.text)
 *(.rel.text.*)
 *(.rel.gnu.linkonce.t*)

.rela.text
 *(.rela.text)
 *(.rela.text.*)
 *(.rela.gnu.linkonce.t*)

.rel.fini
 *(.rel.fini)

.rela.fini
 *(.rela.fini)

.rel.rodata
 *(.rel.rodata)
 *(.rel.rodata.*)
 *(.rel.gnu.linkonce.r*)

.rela.rodata
 *(.rela.rodata)
 *(.rela.rodata.*)
 *(.rela.gnu.linkonce.r*)

.rel.data
 *(.rel.data)
 *(.rel.data.*)
 *(.rel.gnu.linkonce.d*)

.rela.data
 *(.rela.data)
 *(.rela.data.*)
 *(.rela.gnu.linkonce.d*)

.rel.ctors
 *(.rel.ctors)

.rela.ctors
 *(.rela.ctors)

.rel.dtors
 *(.rel.dtors)

.rela.dtors
 *(.rela.dtors)

.rel.got
 *(.rel.got)

.rela.got
 *(.rela.got)

.rel.bss
 *(.rel.bss)

.rela.bss
 *(.rela.bss)

.rel.plt
 *(.rel.plt)

.rela.plt
 *(.rela.plt)

.text           0x00000000     0x2ac0
 *(.vectors)
 .vectors       0x00000000       0x68 C:/Program Files (x86)/Atmel/Studio/7.0/Packs/atmel/ATmega_DFP/1.0.106/gcc/dev/atmega328p/avr5/crtatmega328p.o
                0x00000000                __vector_default
                0x00000000                __vectors
 *(.vectors)
 *(.progmem.gcc*)
 .progmem.gcc_sw_table.prvTimerTask
                0x00000068       0x14 FreeRTOS_Source/source/timers.o
                0x0000007c                . = ALIGN (0x2)
                0x0000007c                __trampolines_start = .
 *(.trampolines)
 .trampolines   0x0000007c        0x0 linker stubs
 *(.trampolines*)
                0x0000007c                __trampolines_end = .
 *libprintf_flt.a:*(.progmem.data)
 *libc.a:*(.progmem.data)
 *(.progmem*)
                0x0000007c                . = ALIGN (0x2)
 *(.jumptables)
 *(.jumptables*)
 *(.lowtext)
 *(.lowtext*)
                0x0000007c                __ctors_start = .
 *(.ctors)
                0x0000007c                __ctors_end = .
                0x0000007c                __dtors_start = .
 *(.dtors)
                0x0000007c                __dtors_end = .
 SORT(*)(.ctors)
 SORT(*)(.dtors)
 *(.init0)
 .init0         0x0000007c        0x0 C:/Program Files (x86)/Atmel/Studio/7.0/Packs/atmel/ATmega_DFP/1.0.106/gcc/dev/atmega328p/avr5/crtatmega328p.o
                0x0000007c                __init
 *(.init0)
 *(.init1)
 *(.init1)
 *(.init2)
 .init2         0x0000007c        0xc C:/Program Files (x86)/Atmel/Studio/7.0/Packs/atmel/ATmega_DFP/1.0.106/gcc/dev/atmega328p/avr5/crtatmega328p.o
 *(.init2)
 *(.init3)
 *(.init3)
 *(.init4)
 .init4         0x00000088       0x16 c:/program files (x86)/atmel/studio/7.0/toolchain/avr8/avr8-gnu-toolchain/bin/../lib/gcc/avr/5.4.0/avr5\libgcc.a(_copy_data.o)
                0x00000088                __do_copy_data
 .init4         0x0000009e       0x10 c:/program files (x86)/atmel/studio/7.0/toolchain/avr8/avr8-gnu-toolchain/bin/../lib/gcc/avr/5.4.0/avr5\libgcc.a(_clear_bss.o)
                0x0000009e                __do_clear_bss
 *(.init4)
 *(.init5)
 *(.init5)
 *(.init6)
 *(.init6)
 *(.init7)
 *(.init7)
 *(.init8)
 *(.init8)
 *(.init9)
 .init9         0x000000ae        0x8 C:/Program Files (x86)/Atmel/Studio/7.0/Packs/atmel/ATmega_DFP/1.0.106/gcc/dev/atmega328p/avr5/crtatmega328p.o
 *(.init9)
 *(.text)
 .text          0x000000b6        0x4 C:/Program Files (x86)/Atmel/Studio/7.0/Packs/atmel/ATmega_DFP/1.0.106/gcc/dev/atmega328p/avr5/crtatmega328p.o
                0x000000b6                __vector_22
                0x000000b6                __vector_1
                0x000000b6                __vector_24
                0x000000b6                __vector_12
                0x000000b6                __bad_interrupt
                0x000000b6                __vector_6
                0x000000b6                __vector_3
                0x000000b6                __vector_23
                0x000000b6                __vector_25
                0x000000b6                __vector_13
                0x000000b6                __vector_17
                0x000000b6                __vector_19
                0x000000b6                __vector_7
                0x000000b6                __vector_5
                0x000000b6                __vector_4
                0x000000b6                __vector_9
                0x000000b6                __vector_2
                0x000000b6                __vector_21
                0x000000b6                __vector_15
                0x000000b6                __vector_8
                0x000000b6                __vector_14
                0x000000b6                __vector_10
                0x000000b6                __vector_16
                0x000000b6                __vector_20
                0x000000ba                . = ALIGN (0x2)
 *(.text.*)
 .text.vListInitialise
                0x000000ba       0x1c FreeRTOS_Source/source/list.o
                0x000000ba                vListInitialise
 .text.vListInitialiseItem
                0x000000d6        0x8 FreeRTOS_Source/source/list.o
                0x000000d6                vListInitialiseItem
 .text.vListInsertEnd
                0x000000de       0x42 FreeRTOS_Source/source/list.o
                0x000000de                vListInsertEnd
 .text.vListInsert
                0x00000120       0x62 FreeRTOS_Source/source/list.o
                0x00000120                vListInsert
 .text.uxListRemove
                0x00000182       0x4c FreeRTOS_Source/source/list.o
                0x00000182                uxListRemove
 .text.pvPortMalloc
                0x000001ce       0x6a FreeRTOS_Source/source/portable/heap_1.o
                0x000001ce                pvPortMalloc
 .text.vPortFree
                0x00000238        0x2 FreeRTOS_Source/source/portable/heap_1.o
                0x00000238                vPortFree
 .text.pxPortInitialiseStack
                0x0000023a       0xd8 FreeRTOS_Source/source/portable/port.o
                0x0000023a                pxPortInitialiseStack
 .text.xPortStartScheduler
                0x00000312       0x80 FreeRTOS_Source/source/portable/port.o
                0x00000312                xPortStartScheduler
 .text.vPortYield
                0x00000392       0xb2 FreeRTOS_Source/source/portable/port.o
                0x00000392                vPortYield
 .text.vPortYieldFromTick
                0x00000444       0xb6 FreeRTOS_Source/source/portable/port.o
                0x00000444                vPortYieldFromTick
 .text.__vector_11
                0x000004fa        0x6 FreeRTOS_Source/source/portable/port.o
                0x000004fa                __vector_11
 .text.prvCopyDataToQueue
                0x00000500       0x92 FreeRTOS_Source/source/queue.o
 .text.prvCopyDataFromQueue
                0x00000592       0x34 FreeRTOS_Source/source/queue.o
 .text.prvUnlockQueue
                0x000005c6       0x9a FreeRTOS_Source/source/queue.o
 .text.xQueueGenericReset
                0x00000660       0x7a FreeRTOS_Source/source/queue.o
                0x00000660                xQueueGenericReset
 .text.xQueueGenericCreate
                0x000006da       0x5a FreeRTOS_Source/source/queue.o
                0x000006da                xQueueGenericCreate
 .text.xQueueGenericSend
                0x00000734      0x142 FreeRTOS_Source/source/queue.o
                0x00000734                xQueueGenericSend
 .text.xQueueGenericSendFromISR
                0x00000876       0x74 FreeRTOS_Source/source/queue.o
                0x00000876                xQueueGenericSendFromISR
 .text.xQueueGenericReceive
                0x000008ea      0x16a FreeRTOS_Source/source/queue.o
                0x000008ea                xQueueGenericReceive
 .text.vQueueAddToRegistry
                0x00000a54       0x1a FreeRTOS_Source/source/queue.o
                0x00000a54                vQueueAddToRegistry
 .text.vQueueWaitForMessageRestricted
                0x00000a6e       0x3a FreeRTOS_Source/source/queue.o
                0x00000a6e                vQueueWaitForMessageRestricted
 .text.prvResetNextTaskUnblockTime
                0x00000aa8       0x3e FreeRTOS_Source/source/tasks.o
 .text.prvAddCurrentTaskToDelayedList
                0x00000ae6       0xb0 FreeRTOS_Source/source/tasks.o
 .text.xTaskCreate
                0x00000b96      0x21a FreeRTOS_Source/source/tasks.o
                0x00000b96                xTaskCreate
 .text.vTaskResume
                0x00000db0       0x9e FreeRTOS_Source/source/tasks.o
                0x00000db0                vTaskResume
 .text.vTaskStartScheduler
                0x00000e4e       0x5c FreeRTOS_Source/source/tasks.o
                0x00000e4e                vTaskStartScheduler
 .text.vTaskSuspendAll
                0x00000eaa        0xc FreeRTOS_Source/source/tasks.o
                0x00000eaa                vTaskSuspendAll
 .text.xTaskGetTickCount
                0x00000eb6       0x14 FreeRTOS_Source/source/tasks.o
                0x00000eb6                xTaskGetTickCount
 .text.xTaskIncrementTick
                0x00000eca      0x176 FreeRTOS_Source/source/tasks.o
                0x00000eca                xTaskIncrementTick
 .text.xTaskResumeAll
                0x00001040       0xfe FreeRTOS_Source/source/tasks.o
                0x00001040                xTaskResumeAll
 .text.vTaskDelay
                0x0000113e       0x28 FreeRTOS_Source/source/tasks.o
                0x0000113e                vTaskDelay
 .text.prvIdleTask
                0x00001166       0x7e FreeRTOS_Source/source/tasks.o
 .text.vTaskSwitchContext
                0x000011e4       0xcc FreeRTOS_Source/source/tasks.o
                0x000011e4                vTaskSwitchContext
 .text.vTaskSuspend
                0x000012b0       0x9c FreeRTOS_Source/source/tasks.o
                0x000012b0                vTaskSuspend
 .text.vTaskPlaceOnEventList
                0x0000134c       0x24 FreeRTOS_Source/source/tasks.o
                0x0000134c                vTaskPlaceOnEventList
 .text.vTaskPlaceOnEventListRestricted
                0x00001370       0x32 FreeRTOS_Source/source/tasks.o
                0x00001370                vTaskPlaceOnEventListRestricted
 .text.xTaskRemoveFromEventList
                0x000013a2       0x90 FreeRTOS_Source/source/tasks.o
                0x000013a2                xTaskRemoveFromEventList
 .text.vTaskSetTimeOutState
                0x00001432       0x16 FreeRTOS_Source/source/tasks.o
                0x00001432                vTaskSetTimeOutState
 .text.xTaskCheckForTimeOut
                0x00001448       0x72 FreeRTOS_Source/source/tasks.o
                0x00001448                xTaskCheckForTimeOut
 .text.vTaskMissedYield
                0x000014ba        0x8 FreeRTOS_Source/source/tasks.o
                0x000014ba                vTaskMissedYield
 .text.xTaskGetSchedulerState
                0x000014c2       0x1c FreeRTOS_Source/source/tasks.o
                0x000014c2                xTaskGetSchedulerState
 .text.prvInsertTimerInActiveList
                0x000014de       0x5e FreeRTOS_Source/source/timers.o
 .text.prvCheckForValidListAndQueue
                0x0000153c       0x5e FreeRTOS_Source/source/timers.o
 .text.xTimerCreateTimerTask
                0x0000159a       0x44 FreeRTOS_Source/source/timers.o
                0x0000159a                xTimerCreateTimerTask
 .text.xTimerCreate
                0x000015de       0x64 FreeRTOS_Source/source/timers.o
                0x000015de                xTimerCreate
 .text.xTimerGenericCommand
                0x00001642       0x90 FreeRTOS_Source/source/timers.o
                0x00001642                xTimerGenericCommand
 .text.prvSampleTimeNow
                0x000016d2       0xe0 FreeRTOS_Source/source/timers.o
 .text.prvTimerTask
                0x000017b2      0x1e0 FreeRTOS_Source/source/timers.o
 .text.buzzerToggle
                0x00001992       0x24 main.o
 .text.fanToggle
                0x000019b6       0x14 main.o
 .text.UART_sendString
                0x000019ca       0x2c main.o
 .text.alarmON  0x000019f6       0x1a main.o
 .text.ADC_read
                0x00001a10       0x3a main.o
 .text.serialFromISRTask
                0x00001a4a       0xb6 main.o
                0x00001a4a                serialFromISRTask
 .text.temperatureReadTask
                0x00001b00       0xe2 main.o
                0x00001b00                temperatureReadTask
 .text.airReadTask
                0x00001be2       0xba main.o
                0x00001be2                airReadTask
 .text.LCD_putValue
                0x00001c9c       0x56 main.o
 .text.LCD_sendCommand
                0x00001cf2        0x8 main.o
 .text.LCD_sendData
                0x00001cfa        0x8 main.o
 .text.LCD_goToXY
                0x00001d02       0x46 main.o
 .text.temperatureSendTask
                0x00001d48      0x228 main.o
                0x00001d48                temperatureSendTask
 .text.airSendTask
                0x00001f70      0x1dc main.o
                0x00001f70                airSendTask
 .text.vTimerCallback
                0x0000214c       0x1a main.o
                0x0000214c                vTimerCallback
 .text.main     0x00002166      0x1f2 main.o
                0x00002166                main
 .text.vApplicationIdleHook
                0x00002358        0x2 main.o
                0x00002358                vApplicationIdleHook
 .text.__vector_18
                0x0000235a       0x80 main.o
                0x0000235a                __vector_18
 .text.avr-libc.fplib
                0x000023da        0xe c:/program files (x86)/atmel/studio/7.0/toolchain/avr8/avr8-gnu-toolchain/bin/../lib/gcc/avr/5.4.0/../../../../avr/lib/avr5\libm.a(addsf3.o)
                0x000023da                __subsf3
                0x000023dc                __addsf3
 .text.avr-libc.fplib
                0x000023e8       0xcc c:/program files (x86)/atmel/studio/7.0/toolchain/avr8/avr8-gnu-toolchain/bin/../lib/gcc/avr/5.4.0/../../../../avr/lib/avr5\libm.a(addsf3x.o)
                0x0000240a                __addsf3x
 .text.avr-libc.fplib
                0x000024b4        0x8 c:/program files (x86)/atmel/studio/7.0/toolchain/avr8/avr8-gnu-toolchain/bin/../lib/gcc/avr/5.4.0/../../../../avr/lib/avr5\libm.a(divsf3.o)
                0x000024b4                __divsf3
 .text.avr-libc.fplib
                0x000024bc       0xdc c:/program files (x86)/atmel/studio/7.0/toolchain/avr8/avr8-gnu-toolchain/bin/../lib/gcc/avr/5.4.0/../../../../avr/lib/avr5\libm.a(divsf3x.o)
                0x000024dc                __divsf3x
                0x000024e2                __divsf3_pse
 .text.avr-libc.fplib
                0x00002598       0x5e c:/program files (x86)/atmel/studio/7.0/toolchain/avr8/avr8-gnu-toolchain/bin/../lib/gcc/avr/5.4.0/../../../../avr/lib/avr5\libm.a(fixunssfsi.o)
                0x00002598                __fixunssfsi
 .text.avr-libc.fplib
                0x000025f6       0x7a c:/program files (x86)/atmel/studio/7.0/toolchain/avr8/avr8-gnu-toolchain/bin/../lib/gcc/avr/5.4.0/../../../../avr/lib/avr5\libm.a(floatsisf.o)
                0x000025f6                __floatunsisf
                0x000025fa                __floatsisf
 .text.avr-libc.fplib
                0x00002670        0xc c:/program files (x86)/atmel/studio/7.0/toolchain/avr8/avr8-gnu-toolchain/bin/../lib/gcc/avr/5.4.0/../../../../avr/lib/avr5\libm.a(fp_inf.o)
                0x00002670                __fp_inf
 .text.avr-libc.fplib
                0x0000267c        0x6 c:/program files (x86)/atmel/studio/7.0/toolchain/avr8/avr8-gnu-toolchain/bin/../lib/gcc/avr/5.4.0/../../../../avr/lib/avr5\libm.a(fp_nan.o)
                0x0000267c                __fp_nan
 .text.avr-libc.fplib
                0x00002682        0xe c:/program files (x86)/atmel/studio/7.0/toolchain/avr8/avr8-gnu-toolchain/bin/../lib/gcc/avr/5.4.0/../../../../avr/lib/avr5\libm.a(fp_pscA.o)
                0x00002682                __fp_pscA
 .text.avr-libc.fplib
                0x00002690        0xe c:/program files (x86)/atmel/studio/7.0/toolchain/avr8/avr8-gnu-toolchain/bin/../lib/gcc/avr/5.4.0/../../../../avr/lib/avr5\libm.a(fp_pscB.o)
                0x00002690                __fp_pscB
 .text.avr-libc.fplib
                0x0000269e       0x22 c:/program files (x86)/atmel/studio/7.0/toolchain/avr8/avr8-gnu-toolchain/bin/../lib/gcc/avr/5.4.0/../../../../avr/lib/avr5\libm.a(fp_round.o)
                0x0000269e                __fp_round
 .text.avr-libc.fplib
                0x000026c0       0x44 c:/program files (x86)/atmel/studio/7.0/toolchain/avr8/avr8-gnu-toolchain/bin/../lib/gcc/avr/5.4.0/../../../../avr/lib/avr5\libm.a(fp_split3.o)
                0x000026c0                __fp_split3
                0x000026d0                __fp_splitA
 .text.avr-libc.fplib
                0x00002704        0xe c:/program files (x86)/atmel/studio/7.0/toolchain/avr8/avr8-gnu-toolchain/bin/../lib/gcc/avr/5.4.0/../../../../avr/lib/avr5\libm.a(fp_zero.o)
                0x00002704                __fp_zero
                0x00002706                __fp_szero
 .text.avr-libc.fplib
                0x00002712        0xa c:/program files (x86)/atmel/studio/7.0/toolchain/avr8/avr8-gnu-toolchain/bin/../lib/gcc/avr/5.4.0/../../../../avr/lib/avr5\libm.a(gesf2.o)
                0x00002712                __gesf2
                0x00002712                __gtsf2
 .text.avr-libc.fplib
                0x0000271c        0x8 c:/program files (x86)/atmel/studio/7.0/toolchain/avr8/avr8-gnu-toolchain/bin/../lib/gcc/avr/5.4.0/../../../../avr/lib/avr5\libm.a(mulsf3.o)
                0x0000271c                __mulsf3
 .text.avr-libc.fplib
                0x00002724       0xd2 c:/program files (x86)/atmel/studio/7.0/toolchain/avr8/avr8-gnu-toolchain/bin/../lib/gcc/avr/5.4.0/../../../../avr/lib/avr5\libm.a(mulsf3x.o)
                0x00002742                __mulsf3x
                0x00002748                __mulsf3_pse
 .text.avr-libc.fplib
                0x000027f6       0x48 c:/program files (x86)/atmel/studio/7.0/toolchain/avr8/avr8-gnu-toolchain/bin/../lib/gcc/avr/5.4.0/../../../../avr/lib/avr5\libm.a(fp_cmp.o)
                0x000027f6                __fp_cmp
 .text.libgcc   0x0000283e        0xc c:/program files (x86)/atmel/studio/7.0/toolchain/avr8/avr8-gnu-toolchain/bin/../lib/gcc/avr/5.4.0/avr5\libgcc.a(_tablejump2.o)
                0x0000283e                __tablejump2__
 .text.libgcc.mul
                0x0000284a       0x1e c:/program files (x86)/atmel/studio/7.0/toolchain/avr8/avr8-gnu-toolchain/bin/../lib/gcc/avr/5.4.0/avr5\libgcc.a(_umulhisi3.o)
                0x0000284a                __umulhisi3
 .text.avr-libc
                0x00002868      0x242 c:/program files (x86)/atmel/studio/7.0/toolchain/avr8/avr8-gnu-toolchain/bin/../lib/gcc/avr/5.4.0/../../../../avr/lib/avr5\libc.a(malloc.o)
                0x00002868                malloc
                0x00002998                free
 .text.avr-libc
                0x00002aaa       0x12 c:/program files (x86)/atmel/studio/7.0/toolchain/avr8/avr8-gnu-toolchain/bin/../lib/gcc/avr/5.4.0/../../../../avr/lib/avr5\libc.a(memcpy.o)
                0x00002aaa                memcpy
                0x00002abc                . = ALIGN (0x2)
 *(.fini9)
 .fini9         0x00002abc        0x0 c:/program files (x86)/atmel/studio/7.0/toolchain/avr8/avr8-gnu-toolchain/bin/../lib/gcc/avr/5.4.0/avr5\libgcc.a(_exit.o)
                0x00002abc                _exit
                0x00002abc                exit
 *(.fini9)
 *(.fini8)
 *(.fini8)
 *(.fini7)
 *(.fini7)
 *(.fini6)
 *(.fini6)
 *(.fini5)
 *(.fini5)
 *(.fini4)
 *(.fini4)
 *(.fini3)
 *(.fini3)
 *(.fini2)
 *(.fini2)
 *(.fini1)
 *(.fini1)
 *(.fini0)
 .fini0         0x00002abc        0x4 c:/program files (x86)/atmel/studio/7.0/toolchain/avr8/avr8-gnu-toolchain/bin/../lib/gcc/avr/5.4.0/avr5\libgcc.a(_exit.o)
 *(.fini0)
                0x00002ac0                _etext = .

.data           0x00800100      0x186 load address 0x00002ac0
                0x00800100                PROVIDE (__data_start, .)
 *(.data)
 .data          0x00800100        0x6 c:/program files (x86)/atmel/studio/7.0/toolchain/avr8/avr8-gnu-toolchain/bin/../lib/gcc/avr/5.4.0/../../../../avr/lib/avr5\libc.a(malloc.o)
                0x00800100                __malloc_heap_end
                0x00800102                __malloc_heap_start
                0x00800104                __malloc_margin
 *(.data*)
 *(.gnu.linkonce.d*)
 *(.rodata)
 *(.rodata*)
 .rodata.str1.1
                0x00800106        0x5 FreeRTOS_Source/source/tasks.o
 .rodata.str1.1
                0x0080010b        0xd FreeRTOS_Source/source/timers.o
 .rodata.str1.1
                0x00800118      0x16e main.o
 *(.gnu.linkonce.r*)
                0x00800286                . = ALIGN (0x2)
                0x00800286                _edata = .
                0x00800286                PROVIDE (__data_end, .)

.bss            0x00800286      0x625
                0x00800286                PROVIDE (__bss_start, .)
 *(.bss)
 *(.bss*)
 .bss.pucAlignedHeap.2068
                0x00800286        0x2 FreeRTOS_Source/source/portable/heap_1.o
 .bss.xNextFreeByte
                0x00800288        0x2 FreeRTOS_Source/source/portable/heap_1.o
 .bss.ucHeap    0x0080028a      0x578 FreeRTOS_Source/source/portable/heap_1.o
 .bss.uxSchedulerSuspended
                0x00800802        0x1 FreeRTOS_Source/source/tasks.o
 .bss.xIdleTaskHandle
                0x00800803        0x2 FreeRTOS_Source/source/tasks.o
 .bss.xNextTaskUnblockTime
                0x00800805        0x2 FreeRTOS_Source/source/tasks.o
 .bss.uxTaskNumber
                0x00800807        0x1 FreeRTOS_Source/source/tasks.o
 .bss.xNumOfOverflows
                0x00800808        0x1 FreeRTOS_Source/source/tasks.o
 .bss.xYieldPending
                0x00800809        0x1 FreeRTOS_Source/source/tasks.o
 .bss.uxPendedTicks
                0x0080080a        0x1 FreeRTOS_Source/source/tasks.o
 .bss.xSchedulerRunning
                0x0080080b        0x1 FreeRTOS_Source/source/tasks.o
 .bss.uxTopReadyPriority
                0x0080080c        0x1 FreeRTOS_Source/source/tasks.o
 .bss.xTickCount
                0x0080080d        0x2 FreeRTOS_Source/source/tasks.o
 .bss.uxCurrentNumberOfTasks
                0x0080080f        0x1 FreeRTOS_Source/source/tasks.o
 .bss.xSuspendedTaskList
                0x00800810        0x9 FreeRTOS_Source/source/tasks.o
 .bss.uxDeletedTasksWaitingCleanUp
                0x00800819        0x1 FreeRTOS_Source/source/tasks.o
 .bss.xTasksWaitingTermination
                0x0080081a        0x9 FreeRTOS_Source/source/tasks.o
 .bss.xPendingReadyList
                0x00800823        0x9 FreeRTOS_Source/source/tasks.o
 .bss.pxOverflowDelayedTaskList
                0x0080082c        0x2 FreeRTOS_Source/source/tasks.o
 .bss.pxDelayedTaskList
                0x0080082e        0x2 FreeRTOS_Source/source/tasks.o
 .bss.xDelayedTaskList2
                0x00800830        0x9 FreeRTOS_Source/source/tasks.o
 .bss.xDelayedTaskList1
                0x00800839        0x9 FreeRTOS_Source/source/tasks.o
 .bss.pxReadyTasksLists
                0x00800842       0x24 FreeRTOS_Source/source/tasks.o
 .bss.pxCurrentTCB
                0x00800866        0x2 FreeRTOS_Source/source/tasks.o
                0x00800866                pxCurrentTCB
 .bss.xLastTime.2351
                0x00800868        0x2 FreeRTOS_Source/source/timers.o
 .bss.xTimerTaskHandle
                0x0080086a        0x2 FreeRTOS_Source/source/timers.o
 .bss.xTimerQueue
                0x0080086c        0x2 FreeRTOS_Source/source/timers.o
 .bss.pxOverflowTimerList
                0x0080086e        0x2 FreeRTOS_Source/source/timers.o
 .bss.pxCurrentTimerList
                0x00800870        0x2 FreeRTOS_Source/source/timers.o
 .bss.xActiveTimerList2
                0x00800872        0x9 FreeRTOS_Source/source/timers.o
 .bss.xActiveTimerList1
                0x0080087b        0x9 FreeRTOS_Source/source/timers.o
 *(COMMON)
 COMMON         0x00800884        0x4 FreeRTOS_Source/source/queue.o
                0x00800884                xQueueRegistry
 COMMON         0x00800888       0x1f main.o
                0x00800888                stateBuzzer
                0x00800889                xTimerReadings
                0x0080088b                temperature
                0x0080088f                xQueueTemperatureSendings
                0x00800891                temperatureSendTaskHandle
                0x00800893                AirSendTaskHandle
                0x00800895                air
                0x00800899                xSemaphoreADC
                0x0080089b                serialFromISRTaskHandle
                0x0080089d                AirReadTaskHandle
                0x0080089f                xCharQueue
                0x008008a1                temperatureReadTaskHandle
                0x008008a3                xQueueAirSendings
                0x008008a5                alarmState
                0x008008a6                stateFan
 COMMON         0x008008a7        0x4 c:/program files (x86)/atmel/studio/7.0/toolchain/avr8/avr8-gnu-toolchain/bin/../lib/gcc/avr/5.4.0/../../../../avr/lib/avr5\libc.a(malloc.o)
                0x008008a7                __brkval
                0x008008a9                __flp
                0x008008ab                PROVIDE (__bss_end, .)
                0x00002ac0                __data_load_start = LOADADDR (.data)
                0x00002c46                __data_load_end = (__data_load_start + SIZEOF (.data))

.noinit         0x008008ab        0x0
                [!provide]                PROVIDE (__noinit_start, .)
 *(.noinit*)
                [!provide]                PROVIDE (__noinit_end, .)
                0x008008ab                _end = .
                0x008008ab                PROVIDE (__heap_start, .)

.eeprom         0x00810000        0x0
 *(.eeprom*)
                0x00810000                __eeprom_end = .

.fuse
 *(.fuse)
 *(.lfuse)
 *(.hfuse)
 *(.efuse)

.lock
 *(.lock*)

.signature
 *(.signature*)

.user_signatures
 *(.user_signatures*)

.stab
 *(.stab)

.stabstr
 *(.stabstr)

.stab.excl
 *(.stab.excl)

.stab.exclstr
 *(.stab.exclstr)

.stab.index
 *(.stab.index)

.stab.indexstr
 *(.stab.indexstr)

.comment        0x00000000       0x30
 *(.comment)
 .comment       0x00000000       0x30 FreeRTOS_Source/source/list.o
                                 0x31 (size before relaxing)
 .comment       0x00000030       0x31 FreeRTOS_Source/source/portable/heap_1.o
 .comment       0x00000030       0x31 FreeRTOS_Source/source/portable/port.o
 .comment       0x00000030       0x31 FreeRTOS_Source/source/queue.o
 .comment       0x00000030       0x31 FreeRTOS_Source/source/tasks.o
 .comment       0x00000030       0x31 FreeRTOS_Source/source/timers.o
 .comment       0x00000030       0x31 main.o
 .comment       0x00000030       0x31 c:/program files (x86)/atmel/studio/7.0/toolchain/avr8/avr8-gnu-toolchain/bin/../lib/gcc/avr/5.4.0/../../../../avr/lib/avr5\libc.a(malloc.o)

.note.gnu.avr.deviceinfo
                0x00000000       0x40
 .note.gnu.avr.deviceinfo
                0x00000000       0x40 C:/Program Files (x86)/Atmel/Studio/7.0/Packs/atmel/ATmega_DFP/1.0.106/gcc/dev/atmega328p/avr5/crtatmega328p.o

.note.gnu.build-id
 *(.note.gnu.build-id)

.debug
 *(.debug)

.line
 *(.line)

.debug_srcinfo
 *(.debug_srcinfo)

.debug_sfnames
 *(.debug_sfnames)

.debug_aranges  0x00000000      0x420
 *(.debug_aranges)
 .debug_aranges
                0x00000000       0x40 FreeRTOS_Source/source/list.o
 .debug_aranges
                0x00000040       0x38 FreeRTOS_Source/source/portable/heap_1.o
 .debug_aranges
                0x00000078       0x48 FreeRTOS_Source/source/portable/port.o
 .debug_aranges
                0x000000c0       0xe0 FreeRTOS_Source/source/queue.o
 .debug_aranges
                0x000001a0      0x150 FreeRTOS_Source/source/tasks.o
 .debug_aranges
                0x000002f0       0x88 FreeRTOS_Source/source/timers.o
 .debug_aranges
                0x00000378       0xa8 main.o

.debug_pubnames
 *(.debug_pubnames)

.debug_info     0x00000000     0x5ef6
 *(.debug_info .gnu.linkonce.wi.*)
 .debug_info    0x00000000      0x2cd FreeRTOS_Source/source/list.o
 .debug_info    0x000002cd      0x1a4 FreeRTOS_Source/source/portable/heap_1.o
 .debug_info    0x00000471      0x242 FreeRTOS_Source/source/portable/port.o
 .debug_info    0x000006b3     0x1595 FreeRTOS_Source/source/queue.o
 .debug_info    0x00001c48     0x1d87 FreeRTOS_Source/source/tasks.o
 .debug_info    0x000039cf      0xfb3 FreeRTOS_Source/source/timers.o
 .debug_info    0x00004982     0x1574 main.o

.debug_abbrev   0x00000000     0x1060
 *(.debug_abbrev)
 .debug_abbrev  0x00000000       0xf8 FreeRTOS_Source/source/list.o
 .debug_abbrev  0x000000f8      0x11c FreeRTOS_Source/source/portable/heap_1.o
 .debug_abbrev  0x00000214      0x155 FreeRTOS_Source/source/portable/port.o
 .debug_abbrev  0x00000369      0x2bc FreeRTOS_Source/source/queue.o
 .debug_abbrev  0x00000625      0x33a FreeRTOS_Source/source/tasks.o
 .debug_abbrev  0x0000095f      0x2d4 FreeRTOS_Source/source/timers.o
 .debug_abbrev  0x00000c33      0x42d main.o

.debug_line     0x00000000     0x2e9b
 *(.debug_line .debug_line.* .debug_line_end)
 .debug_line    0x00000000      0x1fb FreeRTOS_Source/source/list.o
 .debug_line    0x000001fb      0x1d8 FreeRTOS_Source/source/portable/heap_1.o
 .debug_line    0x000003d3      0x2c1 FreeRTOS_Source/source/portable/port.o
 .debug_line    0x00000694      0xad4 FreeRTOS_Source/source/queue.o
 .debug_line    0x00001168     0x1025 FreeRTOS_Source/source/tasks.o
 .debug_line    0x0000218d      0x500 FreeRTOS_Source/source/timers.o
 .debug_line    0x0000268d      0x80e main.o

.debug_frame    0x00000000      0xce8
 *(.debug_frame)
 .debug_frame   0x00000000       0x88 FreeRTOS_Source/source/list.o
 .debug_frame   0x00000088       0x60 FreeRTOS_Source/source/portable/heap_1.o
 .debug_frame   0x000000e8       0x74 FreeRTOS_Source/source/portable/port.o
 .debug_frame   0x0000015c      0x32c FreeRTOS_Source/source/queue.o
 .debug_frame   0x00000488      0x4cc FreeRTOS_Source/source/tasks.o
 .debug_frame   0x00000954      0x19c FreeRTOS_Source/source/timers.o
 .debug_frame   0x00000af0      0x1f8 main.o

.debug_str      0x00000000     0x1ae2
 *(.debug_str)
 .debug_str     0x00000000      0x2aa FreeRTOS_Source/source/list.o
                                0x2e9 (size before relaxing)
 .debug_str     0x000002aa       0xde FreeRTOS_Source/source/portable/heap_1.o
                                0x263 (size before relaxing)
 .debug_str     0x00000388      0x133 FreeRTOS_Source/source/portable/port.o
                                0x2df (size before relaxing)
 .debug_str     0x000004bb      0x5ba FreeRTOS_Source/source/queue.o
                                0x894 (size before relaxing)
 .debug_str     0x00000a75      0x85f FreeRTOS_Source/source/tasks.o
                                0xd1a (size before relaxing)
 .debug_str     0x000012d4      0x40d FreeRTOS_Source/source/timers.o
                                0x83d (size before relaxing)
 .debug_str     0x000016e1      0x401 main.o
                                0x703 (size before relaxing)

.debug_loc      0x00000000     0x57d4
 *(.debug_loc)
 .debug_loc     0x00000000      0x145 FreeRTOS_Source/source/list.o
 .debug_loc     0x00000145       0xf1 FreeRTOS_Source/source/portable/heap_1.o
 .debug_loc     0x00000236      0x293 FreeRTOS_Source/source/portable/port.o
 .debug_loc     0x000004c9     0x1d5e FreeRTOS_Source/source/queue.o
 .debug_loc     0x00002227     0x1f65 FreeRTOS_Source/source/tasks.o
 .debug_loc     0x0000418c      0xc5a FreeRTOS_Source/source/timers.o
 .debug_loc     0x00004de6      0x9ee main.o

.debug_macinfo
 *(.debug_macinfo)

.debug_weaknames
 *(.debug_weaknames)

.debug_funcnames
 *(.debug_funcnames)

.debug_typenames
 *(.debug_typenames)

.debug_varnames
 *(.debug_varnames)

.debug_pubtypes
 *(.debug_pubtypes)

.debug_ranges   0x00000000      0x5a8
 *(.debug_ranges)
 .debug_ranges  0x00000000       0x30 FreeRTOS_Source/source/list.o
 .debug_ranges  0x00000030       0x28 FreeRTOS_Source/source/portable/heap_1.o
 .debug_ranges  0x00000058       0x38 FreeRTOS_Source/source/portable/port.o
 .debug_ranges  0x00000090      0x130 FreeRTOS_Source/source/queue.o
 .debug_ranges  0x000001c0      0x1b8 FreeRTOS_Source/source/tasks.o
 .debug_ranges  0x00000378       0xd8 FreeRTOS_Source/source/timers.o
 .debug_ranges  0x00000450      0x158 main.o

.debug_macro
 *(.debug_macro)
OUTPUT(ArduinoFreeRTOS.elf elf32-avr)
LOAD linker stubs
